2026-09-06 18:28:17,898 INFO HTTP Request: POST https://vps.lpzproxy.xyz/v1/chat/completions "HTTP/1.1 200 OK"
2026-09-06 18:28:26,535 INFO HTTP Request: POST https://vps.lpzproxy.xyz/v1/chat/completions "HTTP/1.1 200 OK"
2026-09-06 18:30:37,226 INFO HTTP Request: POST https://vps.lpzproxy.xyz/v1/chat/completions "HTTP/1.1 200 OK"
2026-09-06 18:30:43,030 INFO HTTP Request: POST https://vps.lpzproxy.xyz/v1/chat/completions "HTTP/1.1 200 OK"
2026-09-06 18:30:43,432 INFO HTTP Request: POST https://vps.lpzproxy.xyz/v1/chat/completions "HTTP/1.1 200 OK"
2026-09-06 18:30:43,494 INFO HTTP Request: POST https://vps.lpzproxy.xyz/v1/chat/completions "HTTP/1.1 200 OK"
2026-09-06 18:30:44,458 INFO HTTP Request: POST https://vps.lpzproxy.xyz/v1/chat/completions "HTTP/1.1 200 OK"
2026-09-06 18:30:44,661 INFO HTTP Request: POST https://vps.lpzproxy.xyz/v1/chat/completions "HTTP/1.1 200 OK"
2026-09-06 18:30:44,915 INFO HTTP Request: POST https://vps.lpzproxy.xyz/v1/chat/completions "HTTP/1.1 200 OK"
2026-09-06 18:30:45,085 INFO HTTP Request: POST https://vps.lpzproxy.xyz/v1/chat/completions "HTTP/1.1 200 OK"
2026-09-06 18:30:45,269 INFO HTTP Request: POST https://vps.lpzproxy.xyz/v1/chat/completions "HTTP/1.1 200 OK"
2026-09-06 18:30:45,442 INFO HTTP Request: POST https://vps.lpzproxy.xyz/v1/chat/completions "HTTP/1.1 200 OK"
2026-09-06 18:30:45,542 INFO HTTP Request: POST https://vps.lpzproxy.xyz/v1/chat/completions "HTTP/1.1 200 OK"
2026-09-06 18:30:45,622 INFO HTTP Request: POST https://vps.lpzproxy.xyz/v1/chat/completions "HTTP/1.1 200 OK"
2026-09-06 18:30:45,623 INFO HTTP Request: POST https://vps.lpzproxy.xyz/v1/chat/completions "HTTP/1.1 200 OK"
2026-09-06 18:30:45,708 INFO HTTP Request: POST https://vps.lpzproxy.xyz/v1/chat/completions "HTTP/1.1 200 OK"
2026-09-06 18:30:45,904 INFO HTTP Request: POST https://vps.lpzproxy.xyz/v1/chat/completions "HTTP/1.1 200 OK"
2026-09-06 18:30:46,079 INFO HTTP Request: POST https://vps.lpzproxy.xyz/v1/chat/completions "HTTP/1.1 200 OK"
2026-09-06 18:30:46,167 INFO HTTP Request: POST https://vps.lpzproxy.xyz/v1/chat/completions "HTTP/1.1 200 OK"
2026-09-06 18:30:46,169 INFO HTTP Request: POST https://vps.lpzproxy.xyz/v1/chat/completions "HTTP/1.1 200 OK"
2026-09-06 18:30:46,254 INFO HTTP Request: POST https://vps.lpzproxy.xyz/v1/chat/completions "HTTP/1.1 200 OK"
2026-09-06 18:30:46,439 INFO HTTP Request: POST https://vps.lpzproxy.xyz/v1/chat/completions "HTTP/1.1 200 OK"
2026-09-06 18:30:46,619 INFO HTTP Request: POST https://vps.lpzproxy.xyz/v1/chat/completions "HTTP/1.1 200 OK"
2026-09-06 18:30:46,712 INFO HTTP Request: POST https://vps.lpzproxy.xyz/v1/chat/completions "HTTP/1.1 200 OK"
2026-09-06 18:30:46,794 INFO HTTP Request: POST https://vps.lpzproxy.xyz/v1/chat/completions "HTTP/1.1 200 OK"
2026-09-06 18:30:46,970 INFO HTTP Request: POST https://vps.lpzproxy.xyz/v1/chat/completions "HTTP/1.1 200 OK"
2026-09-06 18:30:46,977 INFO HTTP Request: POST https://vps.lpzproxy.xyz/v1/chat/completions "HTTP/1.1 200 OK"
2026-09-06 18:30:47,063 INFO HTTP Request: POST https://vps.lpzproxy.xyz/v1/chat/completions "HTTP/1.1 200 OK"
2026-09-06 18:30:47,064 INFO HTTP Request: POST https://vps.lpzproxy.xyz/v1/chat/completions "HTTP/1.1 200 OK"
2026-09-06 18:30:47,242 INFO HTTP Request: POST https://vps.lpzproxy.xyz/v1/chat/completions "HTTP/1.1 200 OK"
2026-09-06 18:30:47,429 INFO HTTP Request: POST https://vps.lpzproxy.xyz/v1/chat/completions "HTTP/1.1 200 OK"
2026-09-06 18:30:47,511 INFO HTTP Request: POST https://vps.lpzproxy.xyz/v1/chat/completions "HTTP/1.1 200 OK"
2026-09-06 18:30:47,782 INFO HTTP Request: POST https://vps.lpzproxy.xyz/v1/chat/completions "HTTP/1.1 200 OK"
2026-09-06 18:30:47,860 INFO HTTP Request: POST https://vps.lpzproxy.xyz/v1/chat/completions "HTTP/1.1 200 OK"
2026-09-06 18:30:48,404 INFO HTTP Request: POST https://vps.lpzproxy.xyz/v1/chat/completions "HTTP/1.1 200 OK"
2026-09-06 18:30:48,853 INFO HTTP Request: POST https://vps.lpzproxy.xyz/v1/chat/completions "HTTP/1.1 200 OK"
2026-09-06 18:30:48,909 INFO HTTP Request: POST https://vps.lpzproxy.xyz/v1/chat/completions "HTTP/1.1 200 OK"
2026-09-06 18:30:48,940 INFO HTTP Request: POST https://vps.lpzproxy.xyz/v1/chat/completions "HTTP/1.1 200 OK"
2026-09-06 18:30:49,211 INFO HTTP Request: POST https://vps.lpzproxy.xyz/v1/chat/completions "HTTP/1.1 200 OK"
2026-09-06 18:30:50,151 INFO HTTP Request: POST https://vps.lpzproxy.xyz/v1/chat/completions "HTTP/1.1 200 OK"
2026-09-06 18:30:50,273 INFO HTTP Request: POST https://vps.lpzproxy.xyz/v1/chat/completions "HTTP/1.1 200 OK"
2026-09-06 18:30:52,954 INFO HTTP Request: POST https://vps.lpzproxy.xyz/v1/chat/completions "HTTP/1.1 200 OK"
2026-09-06 18:30:52,963 INFO advance candidate d464933ebc1a58e8 reward=0.450
2026-09-06 18:31:26,008 INFO HTTP Request: POST https://vps.lpzproxy.xyz/v1/chat/completions "HTTP/1.1 200 OK"
2026-09-06 18:31:30,854 INFO HTTP Request: POST https://vps.lpzproxy.xyz/v1/chat/completions "HTTP/1.1 200 OK"
2026-09-06 18:31:36,664 INFO HTTP Request: POST https://vps.lpzproxy.xyz/v1/chat/completions "HTTP/1.1 200 OK"
2026-09-06 18:31:44,595 INFO HTTP Request: POST https://vps.lpzproxy.xyz/v1/chat/completions "HTTP/1.1 200 OK"
2026-09-06 18:31:44,797 INFO HTTP Request: POST https://vps.lpzproxy.xyz/v1/chat/completions "HTTP/1.1 200 OK"
2026-09-06 18:31:48,252 INFO HTTP Request: POST https://vps.lpzproxy.xyz/v1/chat/completions "HTTP/1.1 200 OK"
2026-09-06 18:31:49,098 INFO HTTP Request: POST https://vps.lpzproxy.xyz/v1/chat/completions "HTTP/1.1 200 OK"
2026-09-06 18:31:50,701 INFO HTTP Request: POST https://vps.lpzproxy.xyz/v1/chat/completions "HTTP/1.1 200 OK"
2026-09-06 18:31:51,939 INFO HTTP Request: POST https://vps.lpzproxy.xyz/v1/chat/completions "HTTP/1.1 200 OK"
2026-09-06 18:31:53,782 INFO HTTP Request: POST https://vps.lpzproxy.xyz/v1/chat/completions "HTTP/1.1 200 OK"
2026-09-06 18:31:53,782 INFO HTTP Request: POST https://vps.lpzproxy.xyz/v1/chat/completions "HTTP/1.1 200 OK"
2026-09-06 18:31:55,441 INFO HTTP Request: POST https://vps.lpzproxy.xyz/v1/chat/completions "HTTP/1.1 200 OK"
2026-09-06 18:31:55,708 INFO HTTP Request: POST https://vps.lpzproxy.xyz/v1/chat/completions "HTTP/1.1 200 OK"
2026-09-06 18:31:58,083 INFO HTTP Request: POST https://vps.lpzproxy.xyz/v1/chat/completions "HTTP/1.1 200 OK"
2026-09-06 18:31:58,084 INFO HTTP Request: POST https://vps.lpzproxy.xyz/v1/chat/completions "HTTP/1.1 200 OK"
2026-09-06 18:31:59,253 INFO HTTP Request: POST https://vps.lpzproxy.xyz/v1/chat/completions "HTTP/1.1 200 OK"
2026-09-06 18:32:00,254 INFO HTTP Request: POST https://vps.lpzproxy.xyz/v1/chat/completions "HTTP/1.1 200 OK"
2026-09-06 18:32:05,103 INFO HTTP Request: POST https://vps.lpzproxy.xyz/v1/chat/completions "HTTP/1.1 200 OK"
2026-09-06 18:32:06,991 INFO HTTP Request: POST https://vps.lpzproxy.xyz/v1/chat/completions "HTTP/1.1 200 OK"
2026-09-06 18:32:07,394 INFO HTTP Request: POST https://vps.lpzproxy.xyz/v1/chat/completions "HTTP/1.1 200 OK"
2026-09-06 18:32:07,616 INFO HTTP Request: POST https://vps.lpzproxy.xyz/v1/chat/completions "HTTP/1.1 200 OK"
2026-09-06 18:32:08,528 INFO HTTP Request: POST https://vps.lpzproxy.xyz/v1/chat/completions "HTTP/1.1 200 OK"
2026-09-06 18:32:10,478 INFO HTTP Request: POST https://vps.lpzproxy.xyz/v1/chat/completions "HTTP/1.1 200 OK"
2026-09-06 18:32:10,633 INFO HTTP Request: POST https://vps.lpzproxy.xyz/v1/chat/completions "HTTP/1.1 200 OK"
2026-09-06 18:32:11,599 INFO HTTP Request: POST https://vps.lpzproxy.xyz/v1/chat/completions "HTTP/1.1 200 OK"
2026-09-06 18:32:12,828 INFO HTTP Request: POST https://vps.lpzproxy.xyz/v1/chat/completions "HTTP/1.1 200 OK"
2026-09-06 18:32:13,306 INFO HTTP Request: POST https://vps.lpzproxy.xyz/v1/chat/completions "HTTP/1.1 200 OK"
2026-09-06 18:32:13,471 INFO HTTP Request: POST https://vps.lpzproxy.xyz/v1/chat/completions "HTTP/1.1 200 OK"
2026-09-06 18:32:14,054 INFO HTTP Request: POST https://vps.lpzproxy.xyz/v1/chat/completions "HTTP/1.1 200 OK"
2026-09-06 18:32:15,200 INFO HTTP Request: POST https://vps.lpzproxy.xyz/v1/chat/completions "HTTP/1.1 200 OK"
2026-09-06 18:32:16,549 INFO HTTP Request: POST https://vps.lpzproxy.xyz/v1/chat/completions "HTTP/1.1 200 OK"
2026-09-06 18:32:18,050 INFO HTTP Request: POST https://vps.lpzproxy.xyz/v1/chat/completions "HTTP/1.1 200 OK"
2026-09-06 18:32:20,201 INFO HTTP Request: POST https://vps.lpzproxy.xyz/v1/chat/completions "HTTP/1.1 200 OK"
2026-09-06 18:32:23,082 INFO HTTP Request: POST https://vps.lpzproxy.xyz/v1/chat/completions "HTTP/1.1 200 OK"
2026-09-06 18:32:25,131 INFO HTTP Request: POST https://vps.lpzproxy.xyz/v1/chat/completions "HTTP/1.1 200 OK"
2026-09-06 18:32:26,800 INFO HTTP Request: POST https://vps.lpzproxy.xyz/v1/chat/completions "HTTP/1.1 200 OK"
2026-09-06 18:32:27,594 INFO HTTP Request: POST https://vps.lpzproxy.xyz/v1/chat/completions "HTTP/1.1 200 OK"
2026-09-06 18:32:33,253 INFO HTTP Request: POST https://vps.lpzproxy.xyz/v1/chat/completions "HTTP/1.1 200 OK"
2026-09-06 18:32:36,789 INFO HTTP Request: POST https://vps.lpzproxy.xyz/v1/chat/completions "HTTP/1.1 200 OK"
2026-09-06 18:32:50,203 INFO HTTP Request: POST https://vps.lpzproxy.xyz/v1/chat/completions "HTTP/1.1 200 OK"
2026-09-06 18:32:54,915 INFO HTTP Request: POST https://vps.lpzproxy.xyz/v1/chat/completions "HTTP/1.1 200 OK"
2026-09-06 18:32:56,476 INFO HTTP Request: POST https://vps.lpzproxy.xyz/v1/chat/completions "HTTP/1.1 200 OK"
2026-09-06 18:32:57,183 INFO HTTP Request: POST https://vps.lpzproxy.xyz/v1/chat/completions "HTTP/1.1 200 OK"
2026-09-06 18:32:57,271 INFO HTTP Request: POST https://vps.lpzproxy.xyz/v1/chat/completions "HTTP/1.1 200 OK"
2026-09-06 18:32:57,360 INFO HTTP Request: POST https://vps.lpzproxy.xyz/v1/chat/completions "HTTP/1.1 200 OK"
2026-09-06 18:32:57,371 INFO HTTP Request: POST https://vps.lpzproxy.xyz/v1/chat/completions "HTTP/1.1 200 OK"
2026-09-06 18:32:57,540 INFO HTTP Request: POST https://vps.lpzproxy.xyz/v1/chat/completions "HTTP/1.1 200 OK"
2026-09-06 18:32:57,542 INFO HTTP Request: POST https://vps.lpzproxy.xyz/v1/chat/completions "HTTP/1.1 200 OK"
2026-09-06 18:32:57,713 INFO HTTP Request: POST https://vps.lpzproxy.xyz/v1/chat/completions "HTTP/1.1 200 OK"
2026-09-06 18:32:57,719 INFO HTTP Request: POST https://vps.lpzproxy.xyz/v1/chat/completions "HTTP/1.1 200 OK"
2026-09-06 18:32:57,798 INFO HTTP Request: POST https://vps.lpzproxy.xyz/v1/chat/completions "HTTP/1.1 200 OK"
2026-09-06 18:32:57,895 INFO HTTP Request: POST https://vps.lpzproxy.xyz/v1/chat/completions "HTTP/1.1 200 OK"
2026-09-06 18:32:57,903 INFO HTTP Request: POST https://vps.lpzproxy.xyz/v1/chat/completions "HTTP/1.1 200 OK"
2026-09-06 18:32:57,983 INFO HTTP Request: POST https://vps.lpzproxy.xyz/v1/chat/completions "HTTP/1.1 200 OK"
2026-09-06 18:32:57,992 INFO HTTP Request: POST https://vps.lpzproxy.xyz/v1/chat/completions "HTTP/1.1 200 OK"
2026-09-06 18:32:58,079 INFO HTTP Request: POST https://vps.lpzproxy.xyz/v1/chat/completions "HTTP/1.1 200 OK"
2026-09-06 18:32:58,168 INFO HTTP Request: POST https://vps.lpzproxy.xyz/v1/chat/completions "HTTP/1.1 200 OK"
2026-09-06 18:32:58,176 INFO HTTP Request: POST https://vps.lpzproxy.xyz/v1/chat/completions "HTTP/1.1 200 OK"
2026-09-06 18:32:58,294 INFO HTTP Request: POST https://vps.lpzproxy.xyz/v1/chat/completions "HTTP/1.1 200 OK"
2026-09-06 18:32:58,520 INFO HTTP Request: POST https://vps.lpzproxy.xyz/v1/chat/completions "HTTP/1.1 200 OK"
2026-09-06 18:32:58,522 INFO HTTP Request: POST https://vps.lpzproxy.xyz/v1/chat/completions "HTTP/1.1 200 OK"
2026-09-06 18:32:58,703 INFO HTTP Request: POST https://vps.lpzproxy.xyz/v1/chat/completions "HTTP/1.1 200 OK"
2026-09-06 18:32:58,713 INFO HTTP Request: POST https://vps.lpzproxy.xyz/v1/chat/completions "HTTP/1.1 200 OK"
2026-09-06 18:32:58,716 INFO HTTP Request: POST https://vps.lpzproxy.xyz/v1/chat/completions "HTTP/1.1 200 OK"
2026-09-06 18:32:58,970 INFO HTTP Request: POST https://vps.lpzproxy.xyz/v1/chat/completions "HTTP/1.1 200 OK"
2026-09-06 18:32:58,980 INFO HTTP Request: POST https://vps.lpzproxy.xyz/v1/chat/completions "HTTP/1.1 200 OK"
2026-09-06 18:32:59,254 INFO HTTP Request: POST https://vps.lpzproxy.xyz/v1/chat/completions "HTTP/1.1 200 OK"
2026-09-06 18:32:59,784 INFO HTTP Request: POST https://vps.lpzproxy.xyz/v1/chat/completions "HTTP/1.1 200 OK"
2026-09-06 18:32:59,982 INFO HTTP Request: POST https://vps.lpzproxy.xyz/v1/chat/completions "HTTP/1.1 200 OK"
2026-09-06 18:33:00,247 INFO HTTP Request: POST https://vps.lpzproxy.xyz/v1/chat/completions "HTTP/1.1 200 OK"
2026-09-06 18:33:00,328 INFO HTTP Request: POST https://vps.lpzproxy.xyz/v1/chat/completions "HTTP/1.1 200 OK"
2026-09-06 18:33:00,694 INFO HTTP Request: POST https://vps.lpzproxy.xyz/v1/chat/completions "HTTP/1.1 200 OK"
2026-09-06 18:33:00,774 INFO HTTP Request: POST https://vps.lpzproxy.xyz/v1/chat/completions "HTTP/1.1 200 OK"
2026-09-06 18:33:03,818 INFO HTTP Request: POST https://vps.lpzproxy.xyz/v1/chat/completions "HTTP/1.1 200 OK"
2026-09-06 18:33:03,829 INFO selection candidate 249eded9cd7ec3f3 reward=0.537
2026-09-06 18:33:13,413 INFO HTTP Request: POST https://vps.lpzproxy.xyz/v1/chat/completions "HTTP/1.1 200 OK"
2026-09-06 18:33:20,529 INFO HTTP Request: POST https://vps.lpzproxy.xyz/v1/chat/completions "HTTP/1.1 200 OK"
2026-09-06 18:33:43,673 INFO HTTP Request: POST https://vps.lpzproxy.xyz/v1/chat/completions "HTTP/1.1 200 OK"
2026-09-06 18:33:47,138 INFO HTTP Request: POST https://vps.lpzproxy.xyz/v1/chat/completions "HTTP/1.1 200 OK"
2026-09-06 18:33:51,117 INFO HTTP Request: POST https://vps.lpzproxy.xyz/v1/chat/completions "HTTP/1.1 200 OK"
2026-09-06 18:33:54,541 INFO HTTP Request: POST https://vps.lpzproxy.xyz/v1/chat/completions "HTTP/1.1 200 OK"
2026-09-06 18:33:55,176 INFO HTTP Request: POST https://vps.lpzproxy.xyz/v1/chat/completions "HTTP/1.1 200 OK"
2026-09-06 18:33:56,161 INFO HTTP Request: POST https://vps.lpzproxy.xyz/v1/chat/completions "HTTP/1.1 200 OK"
2026-09-06 18:33:58,703 INFO HTTP Request: POST https://vps.lpzproxy.xyz/v1/chat/completions "HTTP/1.1 200 OK"
2026-09-06 18:33:59,270 INFO HTTP Request: POST https://vps.lpzproxy.xyz/v1/chat/completions "HTTP/1.1 200 OK"
2026-09-06 18:34:00,906 INFO HTTP Request: POST https://vps.lpzproxy.xyz/v1/chat/completions "HTTP/1.1 200 OK"
2026-09-06 18:34:01,140 INFO HTTP Request: POST https://vps.lpzproxy.xyz/v1/chat/completions "HTTP/1.1 200 OK"
2026-09-06 18:34:04,035 INFO HTTP Request: POST https://vps.lpzproxy.xyz/v1/chat/completions "HTTP/1.1 200 OK"
2026-09-06 18:34:05,843 INFO HTTP Request: POST https://vps.lpzproxy.xyz/v1/chat/completions "HTTP/1.1 200 OK"
2026-09-06 18:34:07,415 INFO HTTP Request: POST https://vps.lpzproxy.xyz/v1/chat/completions "HTTP/1.1 200 OK"
2026-09-06 18:34:10,738 INFO HTTP Request: POST https://vps.lpzproxy.xyz/v1/chat/completions "HTTP/1.1 200 OK"
2026-09-06 18:34:11,715 INFO HTTP Request: POST https://vps.lpzproxy.xyz/v1/chat/completions "HTTP/1.1 200 OK"
2026-09-06 18:34:12,636 INFO HTTP Request: POST https://vps.lpzproxy.xyz/v1/chat/completions "HTTP/1.1 200 OK"
2026-09-06 18:34:13,251 INFO HTTP Request: POST https://vps.lpzproxy.xyz/v1/chat/completions "HTTP/1.1 200 OK"
2026-09-06 18:34:15,141 INFO HTTP Request: POST https://vps.lpzproxy.xyz/v1/chat/completions "HTTP/1.1 200 OK"
2026-09-06 18:34:15,767 INFO HTTP Request: POST https://vps.lpzproxy.xyz/v1/chat/completions "HTTP/1.1 200 OK"
2026-09-06 18:34:17,552 INFO HTTP Request: POST https://vps.lpzproxy.xyz/v1/chat/completions "HTTP/1.1 200 OK"
2026-09-06 18:34:19,825 INFO HTTP Request: POST https://vps.lpzproxy.xyz/v1/chat/completions "HTTP/1.1 200 OK"
2026-09-06 18:34:20,435 INFO HTTP Request: POST https://vps.lpzproxy.xyz/v1/chat/completions "HTTP/1.1 200 OK"
2026-09-06 18:34:21,265 INFO HTTP Request: POST https://vps.lpzproxy.xyz/v1/chat/completions "HTTP/1.1 200 OK"
2026-09-06 18:34:21,444 INFO HTTP Request: POST https://vps.lpzproxy.xyz/v1/chat/completions "HTTP/1.1 200 OK"
2026-09-06 18:34:23,846 INFO HTTP Request: POST https://vps.lpzproxy.xyz/v1/chat/completions "HTTP/1.1 200 OK"
2026-09-06 18:34:24,105 INFO HTTP Request: POST https://vps.lpzproxy.xyz/v1/chat/completions "HTTP/1.1 200 OK"
2026-09-06 18:34:24,730 INFO HTTP Request: POST https://vps.lpzproxy.xyz/v1/chat/completions "HTTP/1.1 200 OK"
2026-09-06 18:34:26,739 INFO HTTP Request: POST https://vps.lpzproxy.xyz/v1/chat/completions "HTTP/1.1 200 OK"
2026-09-06 18:34:26,917 INFO HTTP Request: POST https://vps.lpzproxy.xyz/v1/chat/completions "HTTP/1.1 200 OK"
2026-09-06 18:34:28,787 INFO HTTP Request: POST https://vps.lpzproxy.xyz/v1/chat/completions "HTTP/1.1 200 OK"
2026-09-06 18:34:29,929 INFO HTTP Request: POST https://vps.lpzproxy.xyz/v1/chat/completions "HTTP/1.1 200 OK"
2026-09-06 18:34:31,134 INFO HTTP Request: POST https://vps.lpzproxy.xyz/v1/chat/completions "HTTP/1.1 200 OK"
2026-09-06 18:34:34,580 INFO HTTP Request: POST https://vps.lpzproxy.xyz/v1/chat/completions "HTTP/1.1 200 OK"
2026-09-06 18:34:34,773 INFO HTTP Request: POST https://vps.lpzproxy.xyz/v1/chat/completions "HTTP/1.1 200 OK"
2026-09-06 18:35:46,598 INFO HTTP Request: POST https://vps.lpzproxy.xyz/v1/chat/completions "HTTP/1.1 200 OK"
2026-09-06 18:36:07,532 INFO HTTP Request: POST https://vps.lpzproxy.xyz/v1/chat/completions "HTTP/1.1 200 OK"
2026-09-06 18:36:20,500 INFO HTTP Request: POST https://vps.lpzproxy.xyz/v1/chat/completions "HTTP/1.1 200 OK"
2026-09-06 18:36:28,732 INFO HTTP Request: POST https://vps.lpzproxy.xyz/v1/chat/completions "HTTP/1.1 200 OK"
2026-09-06 18:36:33,935 INFO HTTP Request: POST https://vps.lpzproxy.xyz/v1/chat/completions "HTTP/1.1 200 OK"
2026-09-06 18:36:34,024 INFO HTTP Request: POST https://vps.lpzproxy.xyz/v1/chat/completions "HTTP/1.1 200 OK"
2026-09-06 18:36:35,099 INFO HTTP Request: POST https://vps.lpzproxy.xyz/v1/chat/completions "HTTP/1.1 200 OK"
2026-09-06 18:36:35,202 INFO HTTP Request: POST https://vps.lpzproxy.xyz/v1/chat/completions "HTTP/1.1 200 OK"
2026-09-06 18:36:35,554 INFO HTTP Request: POST https://vps.lpzproxy.xyz/v1/chat/completions "HTTP/1.1 200 OK"
2026-09-06 18:36:35,658 INFO HTTP Request: POST https://vps.lpzproxy.xyz/v1/chat/completions "HTTP/1.1 200 OK"
2026-09-06 18:36:35,735 INFO HTTP Request: POST https://vps.lpzproxy.xyz/v1/chat/completions "HTTP/1.1 200 OK"
2026-09-06 18:36:35,793 INFO HTTP Request: POST https://vps.lpzproxy.xyz/v1/chat/completions "HTTP/1.1 200 OK"
2026-09-06 18:36:35,822 INFO HTTP Request: POST https://vps.lpzproxy.xyz/v1/chat/completions "HTTP/1.1 200 OK"
2026-09-06 18:36:36,084 INFO HTTP Request: POST https://vps.lpzproxy.xyz/v1/chat/completions "HTTP/1.1 200 OK"
2026-09-06 18:36:36,102 INFO HTTP Request: POST https://vps.lpzproxy.xyz/v1/chat/completions "HTTP/1.1 200 OK"
2026-09-06 18:36:36,279 INFO HTTP Request: POST https://vps.lpzproxy.xyz/v1/chat/completions "HTTP/1.1 200 OK"
2026-09-06 18:36:36,544 INFO HTTP Request: POST https://vps.lpzproxy.xyz/v1/chat/completions "HTTP/1.1 200 OK"
2026-09-06 18:36:36,547 INFO HTTP Request: POST https://vps.lpzproxy.xyz/v1/chat/completions "HTTP/1.1 200 OK"
2026-09-06 18:36:36,621 INFO HTTP Request: POST https://vps.lpzproxy.xyz/v1/chat/completions "HTTP/1.1 200 OK"
2026-09-06 18:36:36,631 INFO HTTP Request: POST https://vps.lpzproxy.xyz/v1/chat/completions "HTTP/1.1 200 OK"
2026-09-06 18:36:37,074 INFO HTTP Request: POST https://vps.lpzproxy.xyz/v1/chat/completions "HTTP/1.1 200 OK"
2026-09-06 18:36:37,086 INFO HTTP Request: POST https://vps.lpzproxy.xyz/v1/chat/completions "HTTP/1.1 200 OK"
2026-09-06 18:36:37,162 INFO HTTP Request: POST https://vps.lpzproxy.xyz/v1/chat/completions "HTTP/1.1 200 OK"
2026-09-06 18:36:37,175 INFO HTTP Request: POST https://vps.lpzproxy.xyz/v1/chat/completions "HTTP/1.1 200 OK"
2026-09-06 18:36:37,255 INFO HTTP Request: POST https://vps.lpzproxy.xyz/v1/chat/completions "HTTP/1.1 200 OK"
2026-09-06 18:36:37,256 INFO HTTP Request: POST https://vps.lpzproxy.xyz/v1/chat/completions "HTTP/1.1 200 OK"
2026-09-06 18:36:37,613 INFO HTTP Request: POST https://vps.lpzproxy.xyz/v1/chat/completions "HTTP/1.1 200 OK"
2026-09-06 18:36:37,717 INFO HTTP Request: POST https://vps.lpzproxy.xyz/v1/chat/completions "HTTP/1.1 200 OK"
2026-09-06 18:36:37,794 INFO HTTP Request: POST https://vps.lpzproxy.xyz/v1/chat/completions "HTTP/1.1 200 OK"
2026-09-06 18:36:38,398 INFO HTTP Request: POST https://vps.lpzproxy.xyz/v1/chat/completions "HTTP/1.1 200 OK"
2026-09-06 18:36:38,682 INFO HTTP Request: POST https://vps.lpzproxy.xyz/v1/chat/completions "HTTP/1.1 200 OK"
2026-09-06 18:36:39,442 INFO HTTP Request: POST https://vps.lpzproxy.xyz/v1/chat/completions "HTTP/1.1 200 OK"
2026-09-06 18:36:39,584 INFO HTTP Request: POST https://vps.lpzproxy.xyz/v1/chat/completions "HTTP/1.1 200 OK"
2026-09-06 18:36:40,308 INFO HTTP Request: POST https://vps.lpzproxy.xyz/v1/chat/completions "HTTP/1.1 200 OK"
2026-09-06 18:36:41,394 INFO HTTP Request: POST https://vps.lpzproxy.xyz/v1/chat/completions "HTTP/1.1 200 OK"
2026-09-06 18:36:42,277 INFO HTTP Request: POST https://vps.lpzproxy.xyz/v1/chat/completions "HTTP/1.1 200 OK"
2026-09-06 18:36:42,575 INFO HTTP Request: POST https://vps.lpzproxy.xyz/v1/chat/completions "HTTP/1.1 200 OK"
2026-09-06 18:36:42,583 INFO selection candidate 2699c5332248d8eb reward=0.550
2026-09-06 18:36:42,586 INFO run complete: winner 2699c5332248d8eb reward=0.550 -> /Users/lpz/Desktop/AtomFlow/RETRO-E/contexts/v2/reflective/11/winner.md
{
  "method": "reflective",
  "seed": 11,
  "winner": "2699c5332248d8eb",
  "selection_reward": 0.55,
  "screen_candidates": 16
}
