2026-09-13 23:18:58,907 INFO HTTP Request: POST https://vps.lpzproxy.xyz/v1/chat/completions "HTTP/1.1 200 OK"
2026-09-13 23:19:44,409 INFO HTTP Request: POST https://vps.lpzproxy.xyz/v1/chat/completions "HTTP/1.1 200 OK"
2026-09-13 23:19:48,548 INFO HTTP Request: POST https://vps.lpzproxy.xyz/v1/chat/completions "HTTP/1.1 200 OK"
2026-09-13 23:19:49,546 INFO HTTP Request: POST https://vps.lpzproxy.xyz/v1/chat/completions "HTTP/1.1 200 OK"
2026-09-13 23:19:51,299 INFO HTTP Request: POST https://vps.lpzproxy.xyz/v1/chat/completions "HTTP/1.1 200 OK"
2026-09-13 23:19:52,281 INFO HTTP Request: POST https://vps.lpzproxy.xyz/v1/chat/completions "HTTP/1.1 200 OK"
2026-09-13 23:19:53,728 INFO HTTP Request: POST https://vps.lpzproxy.xyz/v1/chat/completions "HTTP/1.1 200 OK"
2026-09-13 23:20:02,257 INFO HTTP Request: POST https://vps.lpzproxy.xyz/v1/chat/completions "HTTP/1.1 200 OK"
2026-09-13 23:20:02,389 INFO HTTP Request: POST https://vps.lpzproxy.xyz/v1/chat/completions "HTTP/1.1 200 OK"
2026-09-13 23:20:05,308 INFO HTTP Request: POST https://vps.lpzproxy.xyz/v1/chat/completions "HTTP/1.1 200 OK"
2026-09-13 23:20:06,180 INFO HTTP Request: POST https://vps.lpzproxy.xyz/v1/chat/completions "HTTP/1.1 200 OK"
2026-09-13 23:20:07,456 INFO HTTP Request: POST https://vps.lpzproxy.xyz/v1/chat/completions "HTTP/1.1 200 OK"
2026-09-13 23:20:10,029 INFO HTTP Request: POST https://vps.lpzproxy.xyz/v1/chat/completions "HTTP/1.1 200 OK"
2026-09-13 23:20:14,427 INFO HTTP Request: POST https://vps.lpzproxy.xyz/v1/chat/completions "HTTP/1.1 200 OK"
2026-09-13 23:20:15,444 INFO HTTP Request: POST https://vps.lpzproxy.xyz/v1/chat/completions "HTTP/1.1 200 OK"
2026-09-13 23:20:16,510 INFO HTTP Request: POST https://vps.lpzproxy.xyz/v1/chat/completions "HTTP/1.1 200 OK"
2026-09-13 23:20:16,979 INFO HTTP Request: POST https://vps.lpzproxy.xyz/v1/chat/completions "HTTP/1.1 200 OK"
2026-09-13 23:20:17,105 INFO HTTP Request: POST https://vps.lpzproxy.xyz/v1/chat/completions "HTTP/1.1 200 OK"
2026-09-13 23:20:17,242 INFO HTTP Request: POST https://vps.lpzproxy.xyz/v1/chat/completions "HTTP/1.1 200 OK"
2026-09-13 23:22:26,550 INFO HTTP Request: POST https://vps.lpzproxy.xyz/v1/chat/completions "HTTP/1.1 200 OK"
2026-09-13 23:22:31,668 INFO HTTP Request: POST https://vps.lpzproxy.xyz/v1/chat/completions "HTTP/1.1 200 OK"
2026-09-13 23:22:32,275 INFO HTTP Request: POST https://vps.lpzproxy.xyz/v1/chat/completions "HTTP/1.1 200 OK"
2026-09-13 23:22:32,305 INFO HTTP Request: POST https://vps.lpzproxy.xyz/v1/chat/completions "HTTP/1.1 200 OK"
2026-09-13 23:22:32,789 INFO HTTP Request: POST https://vps.lpzproxy.xyz/v1/chat/completions "HTTP/1.1 200 OK"
2026-09-13 23:22:32,983 INFO HTTP Request: POST https://vps.lpzproxy.xyz/v1/chat/completions "HTTP/1.1 200 OK"
2026-09-13 23:22:33,354 INFO HTTP Request: POST https://vps.lpzproxy.xyz/v1/chat/completions "HTTP/1.1 200 OK"
2026-09-13 23:22:33,439 INFO HTTP Request: POST https://vps.lpzproxy.xyz/v1/chat/completions "HTTP/1.1 200 OK"
2026-09-13 23:22:34,563 INFO HTTP Request: POST https://vps.lpzproxy.xyz/v1/chat/completions "HTTP/1.1 200 OK"
2026-09-13 23:22:34,833 INFO HTTP Request: POST https://vps.lpzproxy.xyz/v1/chat/completions "HTTP/1.1 200 OK"
2026-09-13 23:22:34,978 INFO HTTP Request: POST https://vps.lpzproxy.xyz/v1/chat/completions "HTTP/1.1 200 OK"
2026-09-13 23:22:35,082 INFO HTTP Request: POST https://vps.lpzproxy.xyz/v1/chat/completions "HTTP/1.1 200 OK"
2026-09-13 23:22:35,311 INFO HTTP Request: POST https://vps.lpzproxy.xyz/v1/chat/completions "HTTP/1.1 200 OK"
2026-09-13 23:22:37,942 INFO HTTP Request: POST https://vps.lpzproxy.xyz/v1/chat/completions "HTTP/1.1 200 OK"
2026-09-13 23:22:38,011 INFO HTTP Request: POST https://vps.lpzproxy.xyz/v1/chat/completions "HTTP/1.1 200 OK"
2026-09-13 23:22:40,910 INFO HTTP Request: POST https://vps.lpzproxy.xyz/v1/chat/completions "HTTP/1.1 200 OK"
2026-09-13 23:22:51,026 INFO HTTP Request: POST https://vps.lpzproxy.xyz/v1/chat/completions "HTTP/1.1 200 OK"
2026-09-13 23:23:00,427 INFO HTTP Request: POST https://vps.lpzproxy.xyz/v1/chat/completions "HTTP/1.1 200 OK"
2026-09-13 23:23:21,787 INFO HTTP Request: POST https://vps.lpzproxy.xyz/v1/chat/completions "HTTP/1.1 200 OK"
2026-09-13 23:23:40,640 INFO HTTP Request: POST https://vps.lpzproxy.xyz/v1/chat/completions "HTTP/1.1 200 OK"
2026-09-13 23:24:12,160 INFO HTTP Request: POST https://vps.lpzproxy.xyz/v1/chat/completions "HTTP/1.1 200 OK"
2026-09-13 23:24:13,660 INFO HTTP Request: POST https://vps.lpzproxy.xyz/v1/chat/completions "HTTP/1.1 200 OK"
2026-09-13 23:24:20,771 INFO HTTP Request: POST https://vps.lpzproxy.xyz/v1/chat/completions "HTTP/1.1 200 OK"
2026-09-13 23:24:34,410 INFO HTTP Request: POST https://vps.lpzproxy.xyz/v1/chat/completions "HTTP/1.1 200 OK"
2026-09-13 23:24:36,299 INFO HTTP Request: POST https://vps.lpzproxy.xyz/v1/chat/completions "HTTP/1.1 200 OK"
2026-09-13 23:24:38,614 INFO HTTP Request: POST https://vps.lpzproxy.xyz/v1/chat/completions "HTTP/1.1 200 OK"
2026-09-13 23:24:40,876 INFO HTTP Request: POST https://vps.lpzproxy.xyz/v1/chat/completions "HTTP/1.1 200 OK"
2026-09-13 23:24:41,143 INFO HTTP Request: POST https://vps.lpzproxy.xyz/v1/chat/completions "HTTP/1.1 200 OK"
2026-09-13 23:24:41,301 INFO HTTP Request: POST https://vps.lpzproxy.xyz/v1/chat/completions "HTTP/1.1 200 OK"
2026-09-13 23:24:42,037 INFO HTTP Request: POST https://vps.lpzproxy.xyz/v1/chat/completions "HTTP/1.1 200 OK"
2026-09-13 23:24:43,457 INFO HTTP Request: POST https://vps.lpzproxy.xyz/v1/chat/completions "HTTP/1.1 200 OK"
2026-09-13 23:24:46,059 INFO HTTP Request: POST https://vps.lpzproxy.xyz/v1/chat/completions "HTTP/1.1 200 OK"
2026-09-13 23:24:46,470 INFO HTTP Request: POST https://vps.lpzproxy.xyz/v1/chat/completions "HTTP/1.1 200 OK"
2026-09-13 23:24:48,053 INFO HTTP Request: POST https://vps.lpzproxy.xyz/v1/chat/completions "HTTP/1.1 200 OK"
2026-09-13 23:24:48,389 INFO HTTP Request: POST https://vps.lpzproxy.xyz/v1/chat/completions "HTTP/1.1 200 OK"
2026-09-13 23:24:54,067 INFO HTTP Request: POST https://vps.lpzproxy.xyz/v1/chat/completions "HTTP/1.1 200 OK"
2026-09-13 23:25:01,946 INFO HTTP Request: POST https://vps.lpzproxy.xyz/v1/chat/completions "HTTP/1.1 200 OK"
2026-09-13 23:25:09,093 INFO HTTP Request: POST https://vps.lpzproxy.xyz/v1/chat/completions "HTTP/1.1 200 OK"
2026-09-13 23:25:13,054 INFO HTTP Request: POST https://vps.lpzproxy.xyz/v1/chat/completions "HTTP/1.1 200 OK"
2026-09-13 23:25:33,743 INFO HTTP Request: POST https://vps.lpzproxy.xyz/v1/chat/completions "HTTP/1.1 200 OK"
2026-09-13 23:25:38,525 INFO HTTP Request: POST https://vps.lpzproxy.xyz/v1/chat/completions "HTTP/1.1 200 OK"
2026-09-13 23:25:39,112 INFO HTTP Request: POST https://vps.lpzproxy.xyz/v1/chat/completions "HTTP/1.1 200 OK"
2026-09-13 23:25:39,248 INFO HTTP Request: POST https://vps.lpzproxy.xyz/v1/chat/completions "HTTP/1.1 200 OK"
2026-09-13 23:25:39,672 INFO HTTP Request: POST https://vps.lpzproxy.xyz/v1/chat/completions "HTTP/1.1 200 OK"
2026-09-13 23:25:40,678 INFO HTTP Request: POST https://vps.lpzproxy.xyz/v1/chat/completions "HTTP/1.1 200 OK"
2026-09-13 23:25:40,746 INFO HTTP Request: POST https://vps.lpzproxy.xyz/v1/chat/completions "HTTP/1.1 200 OK"
2026-09-13 23:25:41,013 INFO HTTP Request: POST https://vps.lpzproxy.xyz/v1/chat/completions "HTTP/1.1 200 OK"
2026-09-13 23:25:41,080 INFO HTTP Request: POST https://vps.lpzproxy.xyz/v1/chat/completions "HTTP/1.1 200 OK"
2026-09-13 23:25:41,923 INFO HTTP Request: POST https://vps.lpzproxy.xyz/v1/chat/completions "HTTP/1.1 200 OK"
2026-09-13 23:25:41,996 INFO HTTP Request: POST https://vps.lpzproxy.xyz/v1/chat/completions "HTTP/1.1 200 OK"
2026-09-13 23:25:42,342 INFO HTTP Request: POST https://vps.lpzproxy.xyz/v1/chat/completions "HTTP/1.1 200 OK"
2026-09-13 23:25:42,573 INFO HTTP Request: POST https://vps.lpzproxy.xyz/v1/chat/completions "HTTP/1.1 200 OK"
2026-09-13 23:25:42,763 INFO HTTP Request: POST https://vps.lpzproxy.xyz/v1/chat/completions "HTTP/1.1 200 OK"
2026-09-13 23:25:43,107 INFO HTTP Request: POST https://vps.lpzproxy.xyz/v1/chat/completions "HTTP/1.1 200 OK"
2026-09-13 23:25:44,688 INFO HTTP Request: POST https://vps.lpzproxy.xyz/v1/chat/completions "HTTP/1.1 200 OK"
2026-09-13 23:25:46,374 INFO HTTP Request: POST https://vps.lpzproxy.xyz/v1/chat/completions "HTTP/1.1 200 OK"
2026-09-13 23:25:47,832 INFO HTTP Request: POST https://vps.lpzproxy.xyz/v1/chat/completions "HTTP/1.1 200 OK"
2026-09-13 23:25:52,889 INFO HTTP Request: POST https://vps.lpzproxy.xyz/v1/chat/completions "HTTP/1.1 200 OK"
2026-09-13 23:25:52,907 INFO screen 2/16 candidate 24ba41ada7c7767f reward=0.575 parent=183f9018fdae2555
2026-09-13 23:26:02,154 INFO HTTP Request: POST https://vps.lpzproxy.xyz/v1/chat/completions "HTTP/1.1 200 OK"
2026-09-13 23:26:24,063 INFO HTTP Request: POST https://vps.lpzproxy.xyz/v1/chat/completions "HTTP/1.1 200 OK"
2026-09-13 23:26:40,203 INFO HTTP Request: POST https://vps.lpzproxy.xyz/v1/chat/completions "HTTP/1.1 200 OK"
2026-09-13 23:26:55,098 INFO HTTP Request: POST https://vps.lpzproxy.xyz/v1/chat/completions "HTTP/1.1 200 OK"
2026-09-13 23:27:42,862 INFO HTTP Request: POST https://vps.lpzproxy.xyz/v1/chat/completions "HTTP/1.1 200 OK"
2026-09-13 23:27:43,664 INFO HTTP Request: POST https://vps.lpzproxy.xyz/v1/chat/completions "HTTP/1.1 200 OK"
2026-09-13 23:27:46,602 INFO HTTP Request: POST https://vps.lpzproxy.xyz/v1/chat/completions "HTTP/1.1 200 OK"
2026-09-13 23:27:47,687 INFO HTTP Request: POST https://vps.lpzproxy.xyz/v1/chat/completions "HTTP/1.1 200 OK"
2026-09-13 23:27:48,955 INFO HTTP Request: POST https://vps.lpzproxy.xyz/v1/chat/completions "HTTP/1.1 200 OK"
2026-09-13 23:27:51,251 INFO HTTP Request: POST https://vps.lpzproxy.xyz/v1/chat/completions "HTTP/1.1 200 OK"
2026-09-13 23:27:53,315 INFO HTTP Request: POST https://vps.lpzproxy.xyz/v1/chat/completions "HTTP/1.1 200 OK"
2026-09-13 23:27:55,544 INFO HTTP Request: POST https://vps.lpzproxy.xyz/v1/chat/completions "HTTP/1.1 200 OK"
2026-09-13 23:27:57,477 INFO HTTP Request: POST https://vps.lpzproxy.xyz/v1/chat/completions "HTTP/1.1 200 OK"
2026-09-13 23:28:01,120 INFO HTTP Request: POST https://vps.lpzproxy.xyz/v1/chat/completions "HTTP/1.1 200 OK"
2026-09-13 23:28:02,187 INFO HTTP Request: POST https://vps.lpzproxy.xyz/v1/chat/completions "HTTP/1.1 200 OK"
2026-09-13 23:28:02,429 INFO HTTP Request: POST https://vps.lpzproxy.xyz/v1/chat/completions "HTTP/1.1 200 OK"
2026-09-13 23:28:02,715 INFO HTTP Request: POST https://vps.lpzproxy.xyz/v1/chat/completions "HTTP/1.1 200 OK"
2026-09-13 23:28:02,747 INFO HTTP Request: POST https://vps.lpzproxy.xyz/v1/chat/completions "HTTP/1.1 200 OK"
2026-09-13 23:28:08,143 INFO HTTP Request: POST https://vps.lpzproxy.xyz/v1/chat/completions "HTTP/1.1 200 OK"
2026-09-13 23:28:09,214 INFO HTTP Request: POST https://vps.lpzproxy.xyz/v1/chat/completions "HTTP/1.1 200 OK"
2026-09-13 23:28:09,627 INFO HTTP Request: POST https://vps.lpzproxy.xyz/v1/chat/completions "HTTP/1.1 200 OK"
2026-09-13 23:28:10,736 INFO HTTP Request: POST https://vps.lpzproxy.xyz/v1/chat/completions "HTTP/1.1 200 OK"
2026-09-13 23:28:11,798 INFO HTTP Request: POST https://vps.lpzproxy.xyz/v1/chat/completions "HTTP/1.1 200 OK"
2026-09-13 23:28:20,065 INFO HTTP Request: POST https://vps.lpzproxy.xyz/v1/chat/completions "HTTP/1.1 200 OK"
2026-09-13 23:28:24,496 INFO HTTP Request: POST https://vps.lpzproxy.xyz/v1/chat/completions "HTTP/1.1 200 OK"
2026-09-13 23:28:24,632 INFO HTTP Request: POST https://vps.lpzproxy.xyz/v1/chat/completions "HTTP/1.1 200 OK"
2026-09-13 23:28:24,887 INFO HTTP Request: POST https://vps.lpzproxy.xyz/v1/chat/completions "HTTP/1.1 200 OK"
2026-09-13 23:28:25,426 INFO HTTP Request: POST https://vps.lpzproxy.xyz/v1/chat/completions "HTTP/1.1 200 OK"
2026-09-13 23:28:26,508 INFO HTTP Request: POST https://vps.lpzproxy.xyz/v1/chat/completions "HTTP/1.1 200 OK"
2026-09-13 23:28:26,535 INFO HTTP Request: POST https://vps.lpzproxy.xyz/v1/chat/completions "HTTP/1.1 200 OK"
2026-09-13 23:28:26,959 INFO HTTP Request: POST https://vps.lpzproxy.xyz/v1/chat/completions "HTTP/1.1 200 OK"
2026-09-13 23:28:27,373 INFO HTTP Request: POST https://vps.lpzproxy.xyz/v1/chat/completions "HTTP/1.1 200 OK"
2026-09-13 23:28:27,691 INFO HTTP Request: POST https://vps.lpzproxy.xyz/v1/chat/completions "HTTP/1.1 200 OK"
2026-09-13 23:28:27,732 INFO HTTP Request: POST https://vps.lpzproxy.xyz/v1/chat/completions "HTTP/1.1 200 OK"
2026-09-13 23:28:27,748 INFO HTTP Request: POST https://vps.lpzproxy.xyz/v1/chat/completions "HTTP/1.1 200 OK"
2026-09-13 23:28:27,777 INFO HTTP Request: POST https://vps.lpzproxy.xyz/v1/chat/completions "HTTP/1.1 200 OK"
2026-09-13 23:28:28,653 INFO HTTP Request: POST https://vps.lpzproxy.xyz/v1/chat/completions "HTTP/1.1 200 OK"
2026-09-13 23:28:29,131 INFO HTTP Request: POST https://vps.lpzproxy.xyz/v1/chat/completions "HTTP/1.1 200 OK"
2026-09-13 23:28:29,131 INFO HTTP Request: POST https://vps.lpzproxy.xyz/v1/chat/completions "HTTP/1.1 200 OK"
2026-09-13 23:28:29,265 INFO HTTP Request: POST https://vps.lpzproxy.xyz/v1/chat/completions "HTTP/1.1 200 OK"
2026-09-13 23:28:29,949 INFO HTTP Request: POST https://vps.lpzproxy.xyz/v1/chat/completions "HTTP/1.1 200 OK"
2026-09-13 23:28:30,438 INFO HTTP Request: POST https://vps.lpzproxy.xyz/v1/chat/completions "HTTP/1.1 200 OK"
2026-09-13 23:28:30,449 INFO screen 3/16 candidate 3e4b7ce96fc480b2 reward=0.650 parent=24ba41ada7c7767f
2026-09-13 23:28:42,046 INFO HTTP Request: POST https://vps.lpzproxy.xyz/v1/chat/completions "HTTP/1.1 200 OK"
2026-09-13 23:28:58,152 INFO HTTP Request: POST https://vps.lpzproxy.xyz/v1/chat/completions "HTTP/1.1 200 OK"
2026-09-13 23:29:12,916 INFO HTTP Request: POST https://vps.lpzproxy.xyz/v1/chat/completions "HTTP/1.1 200 OK"
2026-09-13 23:29:30,127 INFO HTTP Request: POST https://vps.lpzproxy.xyz/v1/chat/completions "HTTP/1.1 200 OK"
2026-09-13 23:29:48,495 INFO HTTP Request: POST https://vps.lpzproxy.xyz/v1/chat/completions "HTTP/1.1 200 OK"
2026-09-13 23:29:48,509 WARNING rejected candidate 6c7e5a22d8e05445: {'attempt': 0, 'candidate_id': '6c7e5a22d8e05445', 'leaks': [], 'over_budget': True, 'duplicate': False, 'locked_tokens': 1864}
2026-09-13 23:30:08,670 INFO HTTP Request: POST https://vps.lpzproxy.xyz/v1/chat/completions "HTTP/1.1 200 OK"
2026-09-13 23:30:30,918 INFO HTTP Request: POST https://vps.lpzproxy.xyz/v1/chat/completions "HTTP/1.1 200 OK"
2026-09-13 23:30:48,708 INFO HTTP Request: POST https://vps.lpzproxy.xyz/v1/chat/completions "HTTP/1.1 200 OK"
2026-09-13 23:31:06,783 INFO HTTP Request: POST https://vps.lpzproxy.xyz/v1/chat/completions "HTTP/1.1 200 OK"
2026-09-13 23:31:22,809 INFO HTTP Request: POST https://vps.lpzproxy.xyz/v1/chat/completions "HTTP/1.1 200 OK"
2026-09-13 23:31:57,938 INFO HTTP Request: POST https://vps.lpzproxy.xyz/v1/chat/completions "HTTP/1.1 200 OK"
2026-09-13 23:31:58,447 INFO HTTP Request: POST https://vps.lpzproxy.xyz/v1/chat/completions "HTTP/1.1 200 OK"
2026-09-13 23:32:01,247 INFO HTTP Request: POST https://vps.lpzproxy.xyz/v1/chat/completions "HTTP/1.1 200 OK"
2026-09-13 23:32:03,358 INFO HTTP Request: POST https://vps.lpzproxy.xyz/v1/chat/completions "HTTP/1.1 200 OK"
2026-09-13 23:32:11,350 INFO HTTP Request: POST https://vps.lpzproxy.xyz/v1/chat/completions "HTTP/1.1 200 OK"
2026-09-13 23:32:15,544 INFO HTTP Request: POST https://vps.lpzproxy.xyz/v1/chat/completions "HTTP/1.1 200 OK"
2026-09-13 23:32:16,327 INFO HTTP Request: POST https://vps.lpzproxy.xyz/v1/chat/completions "HTTP/1.1 200 OK"
2026-09-13 23:32:19,238 INFO HTTP Request: POST https://vps.lpzproxy.xyz/v1/chat/completions "HTTP/1.1 200 OK"
2026-09-13 23:32:22,605 INFO HTTP Request: POST https://vps.lpzproxy.xyz/v1/chat/completions "HTTP/1.1 200 OK"
2026-09-13 23:32:28,448 INFO HTTP Request: POST https://vps.lpzproxy.xyz/v1/chat/completions "HTTP/1.1 200 OK"
2026-09-13 23:32:29,185 INFO HTTP Request: POST https://vps.lpzproxy.xyz/v1/chat/completions "HTTP/1.1 200 OK"
2026-09-13 23:32:29,801 INFO HTTP Request: POST https://vps.lpzproxy.xyz/v1/chat/completions "HTTP/1.1 200 OK"
2026-09-13 23:32:32,578 INFO HTTP Request: POST https://vps.lpzproxy.xyz/v1/chat/completions "HTTP/1.1 200 OK"
2026-09-13 23:32:37,238 INFO HTTP Request: POST https://vps.lpzproxy.xyz/v1/chat/completions "HTTP/1.1 200 OK"
2026-09-13 23:32:39,315 INFO HTTP Request: POST https://vps.lpzproxy.xyz/v1/chat/completions "HTTP/1.1 200 OK"
2026-09-13 23:32:44,279 INFO HTTP Request: POST https://vps.lpzproxy.xyz/v1/chat/completions "HTTP/1.1 200 OK"
2026-09-13 23:32:48,998 INFO HTTP Request: POST https://vps.lpzproxy.xyz/v1/chat/completions "HTTP/1.1 200 OK"
2026-09-13 23:32:54,925 INFO HTTP Request: POST https://vps.lpzproxy.xyz/v1/chat/completions "HTTP/1.1 200 OK"
2026-09-13 23:33:04,115 INFO HTTP Request: POST https://vps.lpzproxy.xyz/v1/chat/completions "HTTP/1.1 200 OK"
2026-09-13 23:33:08,896 INFO HTTP Request: POST https://vps.lpzproxy.xyz/v1/chat/completions "HTTP/1.1 200 OK"
2026-09-13 23:33:13,450 INFO HTTP Request: POST https://vps.lpzproxy.xyz/v1/chat/completions "HTTP/1.1 200 OK"
2026-09-13 23:33:13,948 INFO HTTP Request: POST https://vps.lpzproxy.xyz/v1/chat/completions "HTTP/1.1 200 OK"
2026-09-13 23:33:13,950 INFO HTTP Request: POST https://vps.lpzproxy.xyz/v1/chat/completions "HTTP/1.1 200 OK"
2026-09-13 23:33:14,220 INFO HTTP Request: POST https://vps.lpzproxy.xyz/v1/chat/completions "HTTP/1.1 200 OK"
2026-09-13 23:33:14,305 INFO HTTP Request: POST https://vps.lpzproxy.xyz/v1/chat/completions "HTTP/1.1 200 OK"
2026-09-13 23:33:14,474 INFO HTTP Request: POST https://vps.lpzproxy.xyz/v1/chat/completions "HTTP/1.1 200 OK"
2026-09-13 23:33:14,721 INFO HTTP Request: POST https://vps.lpzproxy.xyz/v1/chat/completions "HTTP/1.1 200 OK"
2026-09-13 23:33:15,136 INFO HTTP Request: POST https://vps.lpzproxy.xyz/v1/chat/completions "HTTP/1.1 200 OK"
2026-09-13 23:33:15,882 INFO HTTP Request: POST https://vps.lpzproxy.xyz/v1/chat/completions "HTTP/1.1 200 OK"
2026-09-13 23:33:16,372 INFO HTTP Request: POST https://vps.lpzproxy.xyz/v1/chat/completions "HTTP/1.1 200 OK"
2026-09-13 23:33:16,372 INFO HTTP Request: POST https://vps.lpzproxy.xyz/v1/chat/completions "HTTP/1.1 200 OK"
2026-09-13 23:33:16,653 INFO HTTP Request: POST https://vps.lpzproxy.xyz/v1/chat/completions "HTTP/1.1 200 OK"
2026-09-13 23:33:17,272 INFO HTTP Request: POST https://vps.lpzproxy.xyz/v1/chat/completions "HTTP/1.1 200 OK"
2026-09-13 23:33:17,412 INFO HTTP Request: POST https://vps.lpzproxy.xyz/v1/chat/completions "HTTP/1.1 200 OK"
2026-09-13 23:33:17,515 INFO HTTP Request: POST https://vps.lpzproxy.xyz/v1/chat/completions "HTTP/1.1 200 OK"
2026-09-13 23:33:18,120 INFO HTTP Request: POST https://vps.lpzproxy.xyz/v1/chat/completions "HTTP/1.1 200 OK"
2026-09-13 23:33:18,892 INFO HTTP Request: POST https://vps.lpzproxy.xyz/v1/chat/completions "HTTP/1.1 200 OK"
2026-09-13 23:33:23,539 INFO HTTP Request: POST https://vps.lpzproxy.xyz/v1/chat/completions "HTTP/1.1 200 OK"
2026-09-13 23:33:23,549 INFO screen 4/16 candidate 5b2fcf7e4d3e485d reward=0.775 parent=3e4b7ce96fc480b2
2026-09-13 23:33:35,222 INFO HTTP Request: POST https://vps.lpzproxy.xyz/v1/chat/completions "HTTP/1.1 200 OK"
2026-09-13 23:33:57,142 INFO HTTP Request: POST https://vps.lpzproxy.xyz/v1/chat/completions "HTTP/1.1 200 OK"
2026-09-13 23:34:17,388 INFO HTTP Request: POST https://vps.lpzproxy.xyz/v1/chat/completions "HTTP/1.1 200 OK"
2026-09-13 23:34:35,486 INFO HTTP Request: POST https://vps.lpzproxy.xyz/v1/chat/completions "HTTP/1.1 200 OK"
2026-09-13 23:35:09,946 INFO HTTP Request: POST https://vps.lpzproxy.xyz/v1/chat/completions "HTTP/1.1 200 OK"
2026-09-13 23:35:09,973 WARNING rejected candidate 4ee267e2e7435727: {'attempt': 0, 'candidate_id': '4ee267e2e7435727', 'leaks': [], 'over_budget': True, 'duplicate': False, 'locked_tokens': 1776}
2026-09-13 23:35:20,382 INFO HTTP Request: POST https://vps.lpzproxy.xyz/v1/chat/completions "HTTP/1.1 200 OK"
2026-09-13 23:35:44,435 INFO HTTP Request: POST https://vps.lpzproxy.xyz/v1/chat/completions "HTTP/1.1 200 OK"
2026-09-13 23:36:02,750 INFO HTTP Request: POST https://vps.lpzproxy.xyz/v1/chat/completions "HTTP/1.1 200 OK"
2026-09-13 23:36:16,909 INFO HTTP Request: POST https://vps.lpzproxy.xyz/v1/chat/completions "HTTP/1.1 200 OK"
2026-09-13 23:36:48,166 INFO HTTP Request: POST https://vps.lpzproxy.xyz/v1/chat/completions "HTTP/1.1 200 OK"
2026-09-13 23:36:48,194 WARNING rejected candidate d2d16d9476ac9fe7: {'attempt': 1, 'candidate_id': 'd2d16d9476ac9fe7', 'leaks': [], 'over_budget': True, 'duplicate': False, 'locked_tokens': 1893}
2026-09-13 23:37:04,348 INFO HTTP Request: POST https://vps.lpzproxy.xyz/v1/chat/completions "HTTP/1.1 200 OK"
2026-09-13 23:37:28,249 INFO HTTP Request: POST https://vps.lpzproxy.xyz/v1/chat/completions "HTTP/1.1 200 OK"
2026-09-13 23:37:56,195 INFO HTTP Request: POST https://vps.lpzproxy.xyz/v1/chat/completions "HTTP/1.1 200 OK"
2026-09-13 23:38:14,620 INFO HTTP Request: POST https://vps.lpzproxy.xyz/v1/chat/completions "HTTP/1.1 200 OK"
2026-09-13 23:38:30,694 INFO HTTP Request: POST https://vps.lpzproxy.xyz/v1/chat/completions "HTTP/1.1 200 OK"
2026-09-13 23:38:30,709 WARNING rejected candidate 8a9ec8b2979a34a9: {'attempt': 2, 'candidate_id': '8a9ec8b2979a34a9', 'leaks': [], 'over_budget': True, 'duplicate': False, 'locked_tokens': 1793}
2026-09-13 23:38:44,061 INFO HTTP Request: POST https://vps.lpzproxy.xyz/v1/chat/completions "HTTP/1.1 200 OK"
2026-09-13 23:39:05,571 INFO HTTP Request: POST https://vps.lpzproxy.xyz/v1/chat/completions "HTTP/1.1 200 OK"
2026-09-13 23:39:24,204 INFO HTTP Request: POST https://vps.lpzproxy.xyz/v1/chat/completions "HTTP/1.1 200 OK"
2026-09-13 23:39:38,487 INFO HTTP Request: POST https://vps.lpzproxy.xyz/v1/chat/completions "HTTP/1.1 200 OK"
2026-09-13 23:40:01,047 INFO HTTP Request: POST https://vps.lpzproxy.xyz/v1/chat/completions "HTTP/1.1 200 OK"
2026-09-13 23:40:01,073 WARNING rejected candidate 5318b7286d497554: {'attempt': 3, 'candidate_id': '5318b7286d497554', 'leaks': [], 'over_budget': True, 'duplicate': False, 'locked_tokens': 1851}
2026-09-13 23:40:10,490 INFO HTTP Request: POST https://vps.lpzproxy.xyz/v1/chat/completions "HTTP/1.1 200 OK"
2026-09-13 23:40:40,905 INFO HTTP Request: POST https://vps.lpzproxy.xyz/v1/chat/completions "HTTP/1.1 200 OK"
2026-09-13 23:40:57,001 INFO HTTP Request: POST https://vps.lpzproxy.xyz/v1/chat/completions "HTTP/1.1 200 OK"
2026-09-13 23:41:15,429 INFO HTTP Request: POST https://vps.lpzproxy.xyz/v1/chat/completions "HTTP/1.1 200 OK"
2026-09-13 23:41:31,378 INFO HTTP Request: POST https://vps.lpzproxy.xyz/v1/chat/completions "HTTP/1.1 200 OK"
2026-09-13 23:41:31,406 WARNING rejected candidate 0b5fda22ac8fff08: {'attempt': 4, 'candidate_id': '0b5fda22ac8fff08', 'leaks': [], 'over_budget': True, 'duplicate': False, 'locked_tokens': 1950}
2026-09-13 23:41:31,409 ERROR screen stopped: {'reason': 'no_admissible_candidate', 'attempts': 5, 'parent_id': '5b2fcf7e4d3e485d', 'slots_filled': 4, 'rejected': [{'attempt': 0, 'candidate_id': '4ee267e2e7435727', 'leaks': [], 'over_budget': True, 'duplicate': False, 'locked_tokens': 1776}, {'attempt': 1, 'candidate_id': 'd2d16d9476ac9fe7', 'leaks': [], 'over_budget': True, 'duplicate': False, 'locked_tokens': 1893}, {'attempt': 2, 'candidate_id': '8a9ec8b2979a34a9', 'leaks': [], 'over_budget': True, 'duplicate': False, 'locked_tokens': 1793}, {'attempt': 3, 'candidate_id': '5318b7286d497554', 'leaks': [], 'over_budget': True, 'duplicate': False, 'locked_tokens': 1851}, {'attempt': 4, 'candidate_id': '0b5fda22ac8fff08', 'leaks': [], 'over_budget': True, 'duplicate': False, 'locked_tokens': 1950}], 'created_at': '2026-09-13T15:41:31.406499+00:00'}
Traceback (most recent call last):
  File "/Users/lpz/Desktop/AtomFlow/RETRO-E/scripts/run_e1_matrix.py", line 470, in <module>
    main()
    ~~~~^^
  File "/Users/lpz/Desktop/AtomFlow/RETRO-E/scripts/run_e1_matrix.py", line 466, in main
    run(parser.parse_args())
    ~~~^^^^^^^^^^^^^^^^^^^^^
  File "/Users/lpz/Desktop/AtomFlow/RETRO-E/scripts/run_e1_matrix.py", line 388, in run
    raise RuntimeError(
    ...<5 lines>...
    )
RuntimeError: Screen tier filled 4 of 16 slots; see /Users/lpz/Desktop/AtomFlow/RETRO-E/results/v2/optimization/reflective/11_cap1600/screen_stop_reason.json. Refusing to run advance/selection or promote a winner from a short screen: the tier cut-offs assume a full candidate pool, and a promoted winner.md would be read downstream regardless of any flag. Fix the cause, delete this run directory, and start it again.
