2026-09-14 01:07:38,350 INFO temp=0.0 targets=20 samples=3 votes=3
2026-09-14 01:07:46,782 INFO HTTP Request: POST https://vps.lpzproxy.xyz/v1/chat/completions "HTTP/1.1 200 OK"
2026-09-14 01:07:47,048 INFO HTTP Request: POST https://vps.lpzproxy.xyz/v1/chat/completions "HTTP/1.1 200 OK"
2026-09-14 01:07:47,523 INFO HTTP Request: POST https://vps.lpzproxy.xyz/v1/chat/completions "HTTP/1.1 200 OK"
2026-09-14 01:07:48,356 INFO HTTP Request: POST https://vps.lpzproxy.xyz/v1/chat/completions "HTTP/1.1 200 OK"
2026-09-14 01:07:48,520 INFO HTTP Request: POST https://vps.lpzproxy.xyz/v1/chat/completions "HTTP/1.1 200 OK"
2026-09-14 01:08:03,491 INFO HTTP Request: POST https://vps.lpzproxy.xyz/v1/chat/completions "HTTP/1.1 200 OK"
2026-09-14 01:08:06,054 INFO HTTP Request: POST https://vps.lpzproxy.xyz/v1/chat/completions "HTTP/1.1 200 OK"
2026-09-14 01:08:06,217 INFO HTTP Request: POST https://vps.lpzproxy.xyz/v1/chat/completions "HTTP/1.1 200 OK"
2026-09-14 01:08:10,808 INFO HTTP Request: POST https://vps.lpzproxy.xyz/v1/chat/completions "HTTP/1.1 200 OK"
2026-09-14 01:08:17,725 INFO HTTP Request: POST https://vps.lpzproxy.xyz/v1/chat/completions "HTTP/1.1 200 OK"
2026-09-14 01:08:23,523 INFO HTTP Request: POST https://vps.lpzproxy.xyz/v1/chat/completions "HTTP/1.1 200 OK"
2026-09-14 01:08:24,244 INFO HTTP Request: POST https://vps.lpzproxy.xyz/v1/chat/completions "HTTP/1.1 200 OK"
2026-09-14 01:08:24,820 INFO HTTP Request: POST https://vps.lpzproxy.xyz/v1/chat/completions "HTTP/1.1 200 OK"
2026-09-14 01:08:25,878 INFO HTTP Request: POST https://vps.lpzproxy.xyz/v1/chat/completions "HTTP/1.1 200 OK"
2026-09-14 01:08:27,732 INFO HTTP Request: POST https://vps.lpzproxy.xyz/v1/chat/completions "HTTP/1.1 200 OK"
2026-09-14 01:08:28,697 INFO HTTP Request: POST https://vps.lpzproxy.xyz/v1/chat/completions "HTTP/1.1 200 OK"
2026-09-14 01:08:30,252 INFO HTTP Request: POST https://vps.lpzproxy.xyz/v1/chat/completions "HTTP/1.1 200 OK"
2026-09-14 01:08:30,567 INFO HTTP Request: POST https://vps.lpzproxy.xyz/v1/chat/completions "HTTP/1.1 200 OK"
2026-09-14 01:08:30,857 INFO HTTP Request: POST https://vps.lpzproxy.xyz/v1/chat/completions "HTTP/1.1 200 OK"
2026-09-14 01:08:33,278 INFO HTTP Request: POST https://vps.lpzproxy.xyz/v1/chat/completions "HTTP/1.1 200 OK"
2026-09-14 01:08:34,604 INFO HTTP Request: POST https://vps.lpzproxy.xyz/v1/chat/completions "HTTP/1.1 200 OK"
2026-09-14 01:08:35,300 INFO HTTP Request: POST https://vps.lpzproxy.xyz/v1/chat/completions "HTTP/1.1 200 OK"
2026-09-14 01:08:37,553 INFO HTTP Request: POST https://vps.lpzproxy.xyz/v1/chat/completions "HTTP/1.1 200 OK"
2026-09-14 01:08:37,763 INFO HTTP Request: POST https://vps.lpzproxy.xyz/v1/chat/completions "HTTP/1.1 200 OK"
2026-09-14 01:08:39,335 INFO HTTP Request: POST https://vps.lpzproxy.xyz/v1/chat/completions "HTTP/1.1 200 OK"
2026-09-14 01:08:40,198 INFO HTTP Request: POST https://vps.lpzproxy.xyz/v1/chat/completions "HTTP/1.1 200 OK"
2026-09-14 01:08:42,440 INFO HTTP Request: POST https://vps.lpzproxy.xyz/v1/chat/completions "HTTP/1.1 200 OK"
2026-09-14 01:08:43,543 INFO HTTP Request: POST https://vps.lpzproxy.xyz/v1/chat/completions "HTTP/1.1 200 OK"
2026-09-14 01:08:46,008 INFO HTTP Request: POST https://vps.lpzproxy.xyz/v1/chat/completions "HTTP/1.1 200 OK"
2026-09-14 01:08:46,584 INFO HTTP Request: POST https://vps.lpzproxy.xyz/v1/chat/completions "HTTP/1.1 200 OK"
2026-09-14 01:08:48,359 INFO HTTP Request: POST https://vps.lpzproxy.xyz/v1/chat/completions "HTTP/1.1 200 OK"
2026-09-14 01:08:53,023 INFO HTTP Request: POST https://vps.lpzproxy.xyz/v1/chat/completions "HTTP/1.1 200 OK"
2026-09-14 01:08:53,272 INFO HTTP Request: POST https://vps.lpzproxy.xyz/v1/chat/completions "HTTP/1.1 200 OK"
2026-09-14 01:08:55,034 INFO HTTP Request: POST https://vps.lpzproxy.xyz/v1/chat/completions "HTTP/1.1 200 OK"
2026-09-14 01:08:55,483 INFO HTTP Request: POST https://vps.lpzproxy.xyz/v1/chat/completions "HTTP/1.1 200 OK"
2026-09-14 01:08:55,822 INFO HTTP Request: POST https://vps.lpzproxy.xyz/v1/chat/completions "HTTP/1.1 200 OK"
2026-09-14 01:08:56,908 INFO HTTP Request: POST https://vps.lpzproxy.xyz/v1/chat/completions "HTTP/1.1 200 OK"
2026-09-14 01:09:00,286 INFO HTTP Request: POST https://vps.lpzproxy.xyz/v1/chat/completions "HTTP/1.1 200 OK"
2026-09-14 01:09:01,497 INFO HTTP Request: POST https://vps.lpzproxy.xyz/v1/chat/completions "HTTP/1.1 200 OK"
2026-09-14 01:09:02,469 INFO HTTP Request: POST https://vps.lpzproxy.xyz/v1/chat/completions "HTTP/1.1 200 OK"
2026-09-14 01:09:04,505 INFO HTTP Request: POST https://vps.lpzproxy.xyz/v1/chat/completions "HTTP/1.1 200 OK"
2026-09-14 01:09:05,135 INFO HTTP Request: POST https://vps.lpzproxy.xyz/v1/chat/completions "HTTP/1.1 200 OK"
2026-09-14 01:09:05,640 INFO HTTP Request: POST https://vps.lpzproxy.xyz/v1/chat/completions "HTTP/1.1 200 OK"
2026-09-14 01:09:07,734 INFO HTTP Request: POST https://vps.lpzproxy.xyz/v1/chat/completions "HTTP/1.1 200 OK"
2026-09-14 01:09:08,028 INFO HTTP Request: POST https://vps.lpzproxy.xyz/v1/chat/completions "HTTP/1.1 200 OK"
2026-09-14 01:09:12,303 INFO HTTP Request: POST https://vps.lpzproxy.xyz/v1/chat/completions "HTTP/1.1 200 OK"
2026-09-14 01:09:12,685 INFO HTTP Request: POST https://vps.lpzproxy.xyz/v1/chat/completions "HTTP/1.1 200 OK"
2026-09-14 01:09:13,933 INFO HTTP Request: POST https://vps.lpzproxy.xyz/v1/chat/completions "HTTP/1.1 200 OK"
2026-09-14 01:09:14,726 INFO HTTP Request: POST https://vps.lpzproxy.xyz/v1/chat/completions "HTTP/1.1 200 OK"
2026-09-14 01:09:16,344 INFO HTTP Request: POST https://vps.lpzproxy.xyz/v1/chat/completions "HTTP/1.1 200 OK"
2026-09-14 01:09:18,212 INFO HTTP Request: POST https://vps.lpzproxy.xyz/v1/chat/completions "HTTP/1.1 200 OK"
2026-09-14 01:09:18,218 INFO HTTP Request: POST https://vps.lpzproxy.xyz/v1/chat/completions "HTTP/1.1 200 OK"
2026-09-14 01:09:22,614 INFO HTTP Request: POST https://vps.lpzproxy.xyz/v1/chat/completions "HTTP/1.1 200 OK"
2026-09-14 01:09:26,024 INFO HTTP Request: POST https://vps.lpzproxy.xyz/v1/chat/completions "HTTP/1.1 200 OK"
2026-09-14 01:09:29,489 INFO HTTP Request: POST https://vps.lpzproxy.xyz/v1/chat/completions "HTTP/1.1 200 OK"
2026-09-14 01:09:31,204 INFO HTTP Request: POST https://vps.lpzproxy.xyz/v1/chat/completions "HTTP/1.1 200 OK"
2026-09-14 01:09:40,006 INFO HTTP Request: POST https://vps.lpzproxy.xyz/v1/chat/completions "HTTP/1.1 200 OK"
2026-09-14 01:09:42,280 INFO HTTP Request: POST https://vps.lpzproxy.xyz/v1/chat/completions "HTTP/1.1 200 OK"
2026-09-14 01:09:45,103 INFO HTTP Request: POST https://vps.lpzproxy.xyz/v1/chat/completions "HTTP/1.1 524 <none>"
2026-09-14 01:09:47,720 INFO HTTP Request: POST https://vps.lpzproxy.xyz/v1/chat/completions "HTTP/1.1 200 OK"
2026-09-14 01:13:53,159 INFO HTTP Request: POST https://vps.lpzproxy.xyz/v1/chat/completions "HTTP/1.1 200 OK"
2026-09-14 01:13:53,172 INFO generated baseline: planned=60 failed=0
2026-09-14 01:14:02,656 INFO HTTP Request: POST https://vps.lpzproxy.xyz/v1/chat/completions "HTTP/1.1 200 OK"
2026-09-14 01:14:02,693 INFO HTTP Request: POST https://vps.lpzproxy.xyz/v1/chat/completions "HTTP/1.1 200 OK"
2026-09-14 01:14:02,863 INFO HTTP Request: POST https://vps.lpzproxy.xyz/v1/chat/completions "HTTP/1.1 200 OK"
2026-09-14 01:14:23,182 INFO HTTP Request: POST https://vps.lpzproxy.xyz/v1/chat/completions "HTTP/1.1 200 OK"
2026-09-14 01:14:24,677 INFO HTTP Request: POST https://vps.lpzproxy.xyz/v1/chat/completions "HTTP/1.1 200 OK"
2026-09-14 01:14:26,235 INFO HTTP Request: POST https://vps.lpzproxy.xyz/v1/chat/completions "HTTP/1.1 200 OK"
2026-09-14 01:14:29,769 INFO HTTP Request: POST https://vps.lpzproxy.xyz/v1/chat/completions "HTTP/1.1 200 OK"
2026-09-14 01:14:32,689 INFO HTTP Request: POST https://vps.lpzproxy.xyz/v1/chat/completions "HTTP/1.1 200 OK"
2026-09-14 01:14:34,931 INFO HTTP Request: POST https://vps.lpzproxy.xyz/v1/chat/completions "HTTP/1.1 200 OK"
2026-09-14 01:14:35,072 INFO HTTP Request: POST https://vps.lpzproxy.xyz/v1/chat/completions "HTTP/1.1 200 OK"
2026-09-14 01:14:36,580 INFO HTTP Request: POST https://vps.lpzproxy.xyz/v1/chat/completions "HTTP/1.1 200 OK"
2026-09-14 01:14:36,989 INFO HTTP Request: POST https://vps.lpzproxy.xyz/v1/chat/completions "HTTP/1.1 200 OK"
2026-09-14 01:14:37,313 INFO HTTP Request: POST https://vps.lpzproxy.xyz/v1/chat/completions "HTTP/1.1 200 OK"
2026-09-14 01:14:38,729 INFO HTTP Request: POST https://vps.lpzproxy.xyz/v1/chat/completions "HTTP/1.1 200 OK"
2026-09-14 01:14:38,943 INFO HTTP Request: POST https://vps.lpzproxy.xyz/v1/chat/completions "HTTP/1.1 200 OK"
2026-09-14 01:14:41,154 INFO HTTP Request: POST https://vps.lpzproxy.xyz/v1/chat/completions "HTTP/1.1 200 OK"
2026-09-14 01:14:42,184 INFO HTTP Request: POST https://vps.lpzproxy.xyz/v1/chat/completions "HTTP/1.1 200 OK"
2026-09-14 01:14:42,315 INFO HTTP Request: POST https://vps.lpzproxy.xyz/v1/chat/completions "HTTP/1.1 200 OK"
2026-09-14 01:14:44,258 INFO HTTP Request: POST https://vps.lpzproxy.xyz/v1/chat/completions "HTTP/1.1 200 OK"
2026-09-14 01:14:44,544 INFO HTTP Request: POST https://vps.lpzproxy.xyz/v1/chat/completions "HTTP/1.1 200 OK"
2026-09-14 01:14:46,869 INFO HTTP Request: POST https://vps.lpzproxy.xyz/v1/chat/completions "HTTP/1.1 200 OK"
2026-09-14 01:14:49,124 INFO HTTP Request: POST https://vps.lpzproxy.xyz/v1/chat/completions "HTTP/1.1 200 OK"
2026-09-14 01:14:49,284 INFO HTTP Request: POST https://vps.lpzproxy.xyz/v1/chat/completions "HTTP/1.1 200 OK"
2026-09-14 01:14:49,753 INFO HTTP Request: POST https://vps.lpzproxy.xyz/v1/chat/completions "HTTP/1.1 200 OK"
2026-09-14 01:14:50,456 INFO HTTP Request: POST https://vps.lpzproxy.xyz/v1/chat/completions "HTTP/1.1 200 OK"
2026-09-14 01:14:51,240 INFO HTTP Request: POST https://vps.lpzproxy.xyz/v1/chat/completions "HTTP/1.1 200 OK"
2026-09-14 01:14:53,680 INFO HTTP Request: POST https://vps.lpzproxy.xyz/v1/chat/completions "HTTP/1.1 200 OK"
2026-09-14 01:14:57,264 INFO HTTP Request: POST https://vps.lpzproxy.xyz/v1/chat/completions "HTTP/1.1 200 OK"
2026-09-14 01:15:00,028 INFO HTTP Request: POST https://vps.lpzproxy.xyz/v1/chat/completions "HTTP/1.1 200 OK"
2026-09-14 01:15:00,498 INFO HTTP Request: POST https://vps.lpzproxy.xyz/v1/chat/completions "HTTP/1.1 200 OK"
2026-09-14 01:15:02,786 INFO HTTP Request: POST https://vps.lpzproxy.xyz/v1/chat/completions "HTTP/1.1 200 OK"
2026-09-14 01:15:02,927 INFO HTTP Request: POST https://vps.lpzproxy.xyz/v1/chat/completions "HTTP/1.1 200 OK"
2026-09-14 01:15:12,216 INFO HTTP Request: POST https://vps.lpzproxy.xyz/v1/chat/completions "HTTP/1.1 200 OK"
2026-09-14 01:15:12,348 INFO HTTP Request: POST https://vps.lpzproxy.xyz/v1/chat/completions "HTTP/1.1 200 OK"
2026-09-14 01:15:13,080 INFO HTTP Request: POST https://vps.lpzproxy.xyz/v1/chat/completions "HTTP/1.1 200 OK"
2026-09-14 01:15:13,692 INFO HTTP Request: POST https://vps.lpzproxy.xyz/v1/chat/completions "HTTP/1.1 200 OK"
2026-09-14 01:15:14,059 INFO HTTP Request: POST https://vps.lpzproxy.xyz/v1/chat/completions "HTTP/1.1 200 OK"
2026-09-14 01:15:15,184 INFO HTTP Request: POST https://vps.lpzproxy.xyz/v1/chat/completions "HTTP/1.1 200 OK"
2026-09-14 01:15:17,945 INFO HTTP Request: POST https://vps.lpzproxy.xyz/v1/chat/completions "HTTP/1.1 200 OK"
2026-09-14 01:15:19,276 INFO HTTP Request: POST https://vps.lpzproxy.xyz/v1/chat/completions "HTTP/1.1 200 OK"
2026-09-14 01:15:22,690 INFO HTTP Request: POST https://vps.lpzproxy.xyz/v1/chat/completions "HTTP/1.1 200 OK"
2026-09-14 01:15:24,197 INFO HTTP Request: POST https://vps.lpzproxy.xyz/v1/chat/completions "HTTP/1.1 200 OK"
2026-09-14 01:15:24,369 INFO HTTP Request: POST https://vps.lpzproxy.xyz/v1/chat/completions "HTTP/1.1 200 OK"
2026-09-14 01:15:25,012 INFO HTTP Request: POST https://vps.lpzproxy.xyz/v1/chat/completions "HTTP/1.1 200 OK"
2026-09-14 01:15:26,551 INFO HTTP Request: POST https://vps.lpzproxy.xyz/v1/chat/completions "HTTP/1.1 200 OK"
2026-09-14 01:15:27,283 INFO HTTP Request: POST https://vps.lpzproxy.xyz/v1/chat/completions "HTTP/1.1 200 OK"
2026-09-14 01:15:28,757 INFO HTTP Request: POST https://vps.lpzproxy.xyz/v1/chat/completions "HTTP/1.1 200 OK"
2026-09-14 01:15:29,206 INFO HTTP Request: POST https://vps.lpzproxy.xyz/v1/chat/completions "HTTP/1.1 200 OK"
2026-09-14 01:15:30,193 INFO HTTP Request: POST https://vps.lpzproxy.xyz/v1/chat/completions "HTTP/1.1 200 OK"
2026-09-14 01:15:30,423 INFO HTTP Request: POST https://vps.lpzproxy.xyz/v1/chat/completions "HTTP/1.1 200 OK"
2026-09-14 01:15:33,450 INFO HTTP Request: POST https://vps.lpzproxy.xyz/v1/chat/completions "HTTP/1.1 200 OK"
2026-09-14 01:15:34,574 INFO HTTP Request: POST https://vps.lpzproxy.xyz/v1/chat/completions "HTTP/1.1 200 OK"
2026-09-14 01:15:35,023 INFO HTTP Request: POST https://vps.lpzproxy.xyz/v1/chat/completions "HTTP/1.1 200 OK"
2026-09-14 01:15:37,509 INFO HTTP Request: POST https://vps.lpzproxy.xyz/v1/chat/completions "HTTP/1.1 200 OK"
2026-09-14 01:15:40,786 INFO HTTP Request: POST https://vps.lpzproxy.xyz/v1/chat/completions "HTTP/1.1 200 OK"
2026-09-14 01:15:41,799 INFO HTTP Request: POST https://vps.lpzproxy.xyz/v1/chat/completions "HTTP/1.1 200 OK"
2026-09-14 01:15:51,746 INFO HTTP Request: POST https://vps.lpzproxy.xyz/v1/chat/completions "HTTP/1.1 200 OK"
2026-09-14 01:17:38,159 INFO HTTP Request: POST https://vps.lpzproxy.xyz/v1/chat/completions "HTTP/1.1 200 OK"
2026-09-14 01:17:49,426 INFO HTTP Request: POST https://vps.lpzproxy.xyz/v1/chat/completions "HTTP/1.1 200 OK"
2026-09-14 01:18:09,648 INFO HTTP Request: POST https://vps.lpzproxy.xyz/v1/chat/completions "HTTP/1.1 200 OK"
2026-09-14 01:18:09,665 INFO generated E0: planned=60 failed=0
2026-09-14 01:18:14,134 INFO HTTP Request: POST https://vps.lpzproxy.xyz/v1/chat/completions "HTTP/1.1 200 OK"
2026-09-14 01:18:14,455 INFO HTTP Request: POST https://vps.lpzproxy.xyz/v1/chat/completions "HTTP/1.1 200 OK"
2026-09-14 01:18:14,564 INFO HTTP Request: POST https://vps.lpzproxy.xyz/v1/chat/completions "HTTP/1.1 200 OK"
2026-09-14 01:18:14,746 INFO HTTP Request: POST https://vps.lpzproxy.xyz/v1/chat/completions "HTTP/1.1 200 OK"
2026-09-14 01:18:14,784 INFO HTTP Request: POST https://vps.lpzproxy.xyz/v1/chat/completions "HTTP/1.1 200 OK"
2026-09-14 01:18:14,895 INFO HTTP Request: POST https://vps.lpzproxy.xyz/v1/chat/completions "HTTP/1.1 200 OK"
2026-09-14 01:18:14,920 INFO HTTP Request: POST https://vps.lpzproxy.xyz/v1/chat/completions "HTTP/1.1 200 OK"
2026-09-14 01:18:14,972 INFO HTTP Request: POST https://vps.lpzproxy.xyz/v1/chat/completions "HTTP/1.1 200 OK"
2026-09-14 01:18:15,088 INFO HTTP Request: POST https://vps.lpzproxy.xyz/v1/chat/completions "HTTP/1.1 200 OK"
2026-09-14 01:18:15,179 INFO HTTP Request: POST https://vps.lpzproxy.xyz/v1/chat/completions "HTTP/1.1 200 OK"
2026-09-14 01:18:15,278 INFO HTTP Request: POST https://vps.lpzproxy.xyz/v1/chat/completions "HTTP/1.1 200 OK"
2026-09-14 01:18:15,505 INFO HTTP Request: POST https://vps.lpzproxy.xyz/v1/chat/completions "HTTP/1.1 200 OK"
2026-09-14 01:18:15,579 INFO HTTP Request: POST https://vps.lpzproxy.xyz/v1/chat/completions "HTTP/1.1 200 OK"
2026-09-14 01:18:15,608 INFO HTTP Request: POST https://vps.lpzproxy.xyz/v1/chat/completions "HTTP/1.1 200 OK"
2026-09-14 01:18:15,740 INFO HTTP Request: POST https://vps.lpzproxy.xyz/v1/chat/completions "HTTP/1.1 200 OK"
2026-09-14 01:18:15,829 INFO HTTP Request: POST https://vps.lpzproxy.xyz/v1/chat/completions "HTTP/1.1 200 OK"
2026-09-14 01:18:15,847 INFO HTTP Request: POST https://vps.lpzproxy.xyz/v1/chat/completions "HTTP/1.1 200 OK"
2026-09-14 01:18:15,942 INFO HTTP Request: POST https://vps.lpzproxy.xyz/v1/chat/completions "HTTP/1.1 200 OK"
2026-09-14 01:18:16,057 INFO HTTP Request: POST https://vps.lpzproxy.xyz/v1/chat/completions "HTTP/1.1 200 OK"
2026-09-14 01:18:16,172 INFO HTTP Request: POST https://vps.lpzproxy.xyz/v1/chat/completions "HTTP/1.1 200 OK"
2026-09-14 01:18:16,302 INFO HTTP Request: POST https://vps.lpzproxy.xyz/v1/chat/completions "HTTP/1.1 200 OK"
2026-09-14 01:18:16,674 INFO HTTP Request: POST https://vps.lpzproxy.xyz/v1/chat/completions "HTTP/1.1 200 OK"
2026-09-14 01:18:16,815 INFO HTTP Request: POST https://vps.lpzproxy.xyz/v1/chat/completions "HTTP/1.1 200 OK"
2026-09-14 01:18:17,076 INFO HTTP Request: POST https://vps.lpzproxy.xyz/v1/chat/completions "HTTP/1.1 200 OK"
2026-09-14 01:18:17,174 INFO HTTP Request: POST https://vps.lpzproxy.xyz/v1/chat/completions "HTTP/1.1 200 OK"
2026-09-14 01:18:17,182 INFO HTTP Request: POST https://vps.lpzproxy.xyz/v1/chat/completions "HTTP/1.1 200 OK"
2026-09-14 01:18:17,252 INFO HTTP Request: POST https://vps.lpzproxy.xyz/v1/chat/completions "HTTP/1.1 200 OK"
2026-09-14 01:18:17,800 INFO HTTP Request: POST https://vps.lpzproxy.xyz/v1/chat/completions "HTTP/1.1 200 OK"
2026-09-14 01:18:17,857 INFO HTTP Request: POST https://vps.lpzproxy.xyz/v1/chat/completions "HTTP/1.1 200 OK"
2026-09-14 01:18:18,038 INFO HTTP Request: POST https://vps.lpzproxy.xyz/v1/chat/completions "HTTP/1.1 200 OK"
2026-09-14 01:18:18,216 INFO HTTP Request: POST https://vps.lpzproxy.xyz/v1/chat/completions "HTTP/1.1 200 OK"
2026-09-14 01:18:18,279 INFO HTTP Request: POST https://vps.lpzproxy.xyz/v1/chat/completions "HTTP/1.1 200 OK"
2026-09-14 01:18:18,319 INFO HTTP Request: POST https://vps.lpzproxy.xyz/v1/chat/completions "HTTP/1.1 200 OK"
2026-09-14 01:18:18,363 INFO HTTP Request: POST https://vps.lpzproxy.xyz/v1/chat/completions "HTTP/1.1 200 OK"
2026-09-14 01:18:18,448 INFO HTTP Request: POST https://vps.lpzproxy.xyz/v1/chat/completions "HTTP/1.1 200 OK"
2026-09-14 01:18:18,497 INFO HTTP Request: POST https://vps.lpzproxy.xyz/v1/chat/completions "HTTP/1.1 200 OK"
2026-09-14 01:18:19,272 INFO HTTP Request: POST https://vps.lpzproxy.xyz/v1/chat/completions "HTTP/1.1 200 OK"
2026-09-14 01:18:19,279 INFO HTTP Request: POST https://vps.lpzproxy.xyz/v1/chat/completions "HTTP/1.1 200 OK"
2026-09-14 01:18:19,303 INFO HTTP Request: POST https://vps.lpzproxy.xyz/v1/chat/completions "HTTP/1.1 200 OK"
2026-09-14 01:18:19,577 INFO HTTP Request: POST https://vps.lpzproxy.xyz/v1/chat/completions "HTTP/1.1 200 OK"
2026-09-14 01:18:19,679 INFO HTTP Request: POST https://vps.lpzproxy.xyz/v1/chat/completions "HTTP/1.1 200 OK"
2026-09-14 01:18:20,048 INFO HTTP Request: POST https://vps.lpzproxy.xyz/v1/chat/completions "HTTP/1.1 200 OK"
2026-09-14 01:18:20,368 INFO HTTP Request: POST https://vps.lpzproxy.xyz/v1/chat/completions "HTTP/1.1 200 OK"
2026-09-14 01:18:20,543 INFO HTTP Request: POST https://vps.lpzproxy.xyz/v1/chat/completions "HTTP/1.1 200 OK"
2026-09-14 01:18:20,820 INFO HTTP Request: POST https://vps.lpzproxy.xyz/v1/chat/completions "HTTP/1.1 200 OK"
2026-09-14 01:18:20,996 INFO HTTP Request: POST https://vps.lpzproxy.xyz/v1/chat/completions "HTTP/1.1 200 OK"
2026-09-14 01:18:21,256 INFO HTTP Request: POST https://vps.lpzproxy.xyz/v1/chat/completions "HTTP/1.1 200 OK"
2026-09-14 01:18:21,361 INFO HTTP Request: POST https://vps.lpzproxy.xyz/v1/chat/completions "HTTP/1.1 200 OK"
2026-09-14 01:18:21,773 INFO HTTP Request: POST https://vps.lpzproxy.xyz/v1/chat/completions "HTTP/1.1 200 OK"
2026-09-14 01:18:21,812 INFO HTTP Request: POST https://vps.lpzproxy.xyz/v1/chat/completions "HTTP/1.1 200 OK"
2026-09-14 01:18:21,958 INFO HTTP Request: POST https://vps.lpzproxy.xyz/v1/chat/completions "HTTP/1.1 200 OK"
2026-09-14 01:18:22,520 INFO HTTP Request: POST https://vps.lpzproxy.xyz/v1/chat/completions "HTTP/1.1 200 OK"
2026-09-14 01:18:22,674 INFO HTTP Request: POST https://vps.lpzproxy.xyz/v1/chat/completions "HTTP/1.1 200 OK"
2026-09-14 01:18:23,204 INFO HTTP Request: POST https://vps.lpzproxy.xyz/v1/chat/completions "HTTP/1.1 200 OK"
2026-09-14 01:18:23,342 INFO HTTP Request: POST https://vps.lpzproxy.xyz/v1/chat/completions "HTTP/1.1 200 OK"
2026-09-14 01:18:23,457 INFO HTTP Request: POST https://vps.lpzproxy.xyz/v1/chat/completions "HTTP/1.1 200 OK"
2026-09-14 01:18:23,468 INFO HTTP Request: POST https://vps.lpzproxy.xyz/v1/chat/completions "HTTP/1.1 200 OK"
2026-09-14 01:18:23,563 INFO HTTP Request: POST https://vps.lpzproxy.xyz/v1/chat/completions "HTTP/1.1 200 OK"
2026-09-14 01:18:23,788 INFO HTTP Request: POST https://vps.lpzproxy.xyz/v1/chat/completions "HTTP/1.1 200 OK"
2026-09-14 01:18:23,924 INFO HTTP Request: POST https://vps.lpzproxy.xyz/v1/chat/completions "HTTP/1.1 200 OK"
2026-09-14 01:18:23,945 INFO HTTP Request: POST https://vps.lpzproxy.xyz/v1/chat/completions "HTTP/1.1 200 OK"
2026-09-14 01:18:24,029 INFO HTTP Request: POST https://vps.lpzproxy.xyz/v1/chat/completions "HTTP/1.1 200 OK"
2026-09-14 01:18:24,056 INFO HTTP Request: POST https://vps.lpzproxy.xyz/v1/chat/completions "HTTP/1.1 200 OK"
2026-09-14 01:18:24,279 INFO HTTP Request: POST https://vps.lpzproxy.xyz/v1/chat/completions "HTTP/1.1 200 OK"
2026-09-14 01:18:24,676 INFO HTTP Request: POST https://vps.lpzproxy.xyz/v1/chat/completions "HTTP/1.1 200 OK"
2026-09-14 01:18:24,693 INFO HTTP Request: POST https://vps.lpzproxy.xyz/v1/chat/completions "HTTP/1.1 200 OK"
2026-09-14 01:18:24,748 INFO HTTP Request: POST https://vps.lpzproxy.xyz/v1/chat/completions "HTTP/1.1 200 OK"
2026-09-14 01:18:25,199 INFO HTTP Request: POST https://vps.lpzproxy.xyz/v1/chat/completions "HTTP/1.1 200 OK"
2026-09-14 01:18:25,212 INFO HTTP Request: POST https://vps.lpzproxy.xyz/v1/chat/completions "HTTP/1.1 200 OK"
2026-09-14 01:18:25,277 INFO HTTP Request: POST https://vps.lpzproxy.xyz/v1/chat/completions "HTTP/1.1 200 OK"
2026-09-14 01:18:25,677 INFO HTTP Request: POST https://vps.lpzproxy.xyz/v1/chat/completions "HTTP/1.1 200 OK"
2026-09-14 01:18:25,691 INFO HTTP Request: POST https://vps.lpzproxy.xyz/v1/chat/completions "HTTP/1.1 200 OK"
2026-09-14 01:18:25,782 INFO HTTP Request: POST https://vps.lpzproxy.xyz/v1/chat/completions "HTTP/1.1 200 OK"
2026-09-14 01:18:25,976 INFO HTTP Request: POST https://vps.lpzproxy.xyz/v1/chat/completions "HTTP/1.1 200 OK"
2026-09-14 01:18:26,003 INFO HTTP Request: POST https://vps.lpzproxy.xyz/v1/chat/completions "HTTP/1.1 200 OK"
2026-09-14 01:18:26,061 INFO HTTP Request: POST https://vps.lpzproxy.xyz/v1/chat/completions "HTTP/1.1 200 OK"
2026-09-14 01:18:26,111 INFO HTTP Request: POST https://vps.lpzproxy.xyz/v1/chat/completions "HTTP/1.1 200 OK"
2026-09-14 01:18:27,377 INFO HTTP Request: POST https://vps.lpzproxy.xyz/v1/chat/completions "HTTP/1.1 200 OK"
2026-09-14 01:18:27,494 INFO HTTP Request: POST https://vps.lpzproxy.xyz/v1/chat/completions "HTTP/1.1 200 OK"
2026-09-14 01:18:27,856 INFO HTTP Request: POST https://vps.lpzproxy.xyz/v1/chat/completions "HTTP/1.1 200 OK"
2026-09-14 01:18:27,985 INFO HTTP Request: POST https://vps.lpzproxy.xyz/v1/chat/completions "HTTP/1.1 200 OK"
2026-09-14 01:18:28,159 INFO HTTP Request: POST https://vps.lpzproxy.xyz/v1/chat/completions "HTTP/1.1 200 OK"
2026-09-14 01:18:29,011 INFO HTTP Request: POST https://vps.lpzproxy.xyz/v1/chat/completions "HTTP/1.1 200 OK"
2026-09-14 01:18:29,041 INFO HTTP Request: POST https://vps.lpzproxy.xyz/v1/chat/completions "HTTP/1.1 200 OK"
2026-09-14 01:18:29,224 INFO HTTP Request: POST https://vps.lpzproxy.xyz/v1/chat/completions "HTTP/1.1 200 OK"
2026-09-14 01:18:29,522 INFO HTTP Request: POST https://vps.lpzproxy.xyz/v1/chat/completions "HTTP/1.1 200 OK"
2026-09-14 01:18:29,577 INFO HTTP Request: POST https://vps.lpzproxy.xyz/v1/chat/completions "HTTP/1.1 200 OK"
2026-09-14 01:18:29,823 INFO HTTP Request: POST https://vps.lpzproxy.xyz/v1/chat/completions "HTTP/1.1 200 OK"
2026-09-14 01:18:29,943 INFO HTTP Request: POST https://vps.lpzproxy.xyz/v1/chat/completions "HTTP/1.1 200 OK"
2026-09-14 01:18:29,977 INFO HTTP Request: POST https://vps.lpzproxy.xyz/v1/chat/completions "HTTP/1.1 200 OK"
2026-09-14 01:18:30,346 INFO HTTP Request: POST https://vps.lpzproxy.xyz/v1/chat/completions "HTTP/1.1 200 OK"
2026-09-14 01:18:30,589 INFO HTTP Request: POST https://vps.lpzproxy.xyz/v1/chat/completions "HTTP/1.1 200 OK"
2026-09-14 01:18:30,620 INFO HTTP Request: POST https://vps.lpzproxy.xyz/v1/chat/completions "HTTP/1.1 200 OK"
2026-09-14 01:18:30,885 INFO HTTP Request: POST https://vps.lpzproxy.xyz/v1/chat/completions "HTTP/1.1 200 OK"
2026-09-14 01:18:31,055 INFO HTTP Request: POST https://vps.lpzproxy.xyz/v1/chat/completions "HTTP/1.1 200 OK"
2026-09-14 01:18:31,170 INFO HTTP Request: POST https://vps.lpzproxy.xyz/v1/chat/completions "HTTP/1.1 200 OK"
2026-09-14 01:18:31,340 INFO HTTP Request: POST https://vps.lpzproxy.xyz/v1/chat/completions "HTTP/1.1 200 OK"
2026-09-14 01:18:31,558 INFO HTTP Request: POST https://vps.lpzproxy.xyz/v1/chat/completions "HTTP/1.1 200 OK"
2026-09-14 01:18:32,038 INFO HTTP Request: POST https://vps.lpzproxy.xyz/v1/chat/completions "HTTP/1.1 200 OK"
2026-09-14 01:18:32,162 INFO HTTP Request: POST https://vps.lpzproxy.xyz/v1/chat/completions "HTTP/1.1 200 OK"
2026-09-14 01:18:32,276 INFO HTTP Request: POST https://vps.lpzproxy.xyz/v1/chat/completions "HTTP/1.1 200 OK"
2026-09-14 01:18:32,281 INFO HTTP Request: POST https://vps.lpzproxy.xyz/v1/chat/completions "HTTP/1.1 200 OK"
2026-09-14 01:18:32,286 INFO HTTP Request: POST https://vps.lpzproxy.xyz/v1/chat/completions "HTTP/1.1 200 OK"
2026-09-14 01:18:32,327 INFO HTTP Request: POST https://vps.lpzproxy.xyz/v1/chat/completions "HTTP/1.1 200 OK"
2026-09-14 01:18:32,588 INFO HTTP Request: POST https://vps.lpzproxy.xyz/v1/chat/completions "HTTP/1.1 200 OK"
2026-09-14 01:18:32,685 INFO HTTP Request: POST https://vps.lpzproxy.xyz/v1/chat/completions "HTTP/1.1 200 OK"
2026-09-14 01:18:32,982 INFO HTTP Request: POST https://vps.lpzproxy.xyz/v1/chat/completions "HTTP/1.1 200 OK"
2026-09-14 01:18:33,096 INFO HTTP Request: POST https://vps.lpzproxy.xyz/v1/chat/completions "HTTP/1.1 200 OK"
2026-09-14 01:18:33,157 INFO HTTP Request: POST https://vps.lpzproxy.xyz/v1/chat/completions "HTTP/1.1 200 OK"
2026-09-14 01:18:33,475 INFO HTTP Request: POST https://vps.lpzproxy.xyz/v1/chat/completions "HTTP/1.1 200 OK"
2026-09-14 01:18:33,730 INFO HTTP Request: POST https://vps.lpzproxy.xyz/v1/chat/completions "HTTP/1.1 200 OK"
2026-09-14 01:18:33,996 INFO HTTP Request: POST https://vps.lpzproxy.xyz/v1/chat/completions "HTTP/1.1 200 OK"
2026-09-14 01:18:34,093 INFO HTTP Request: POST https://vps.lpzproxy.xyz/v1/chat/completions "HTTP/1.1 200 OK"
2026-09-14 01:18:34,200 INFO HTTP Request: POST https://vps.lpzproxy.xyz/v1/chat/completions "HTTP/1.1 200 OK"
2026-09-14 01:18:34,240 INFO HTTP Request: POST https://vps.lpzproxy.xyz/v1/chat/completions "HTTP/1.1 200 OK"
2026-09-14 01:18:34,537 INFO HTTP Request: POST https://vps.lpzproxy.xyz/v1/chat/completions "HTTP/1.1 200 OK"
2026-09-14 01:18:34,797 INFO HTTP Request: POST https://vps.lpzproxy.xyz/v1/chat/completions "HTTP/1.1 200 OK"
2026-09-14 01:18:34,811 INFO HTTP Request: POST https://vps.lpzproxy.xyz/v1/chat/completions "HTTP/1.1 200 OK"
2026-09-14 01:18:34,894 INFO HTTP Request: POST https://vps.lpzproxy.xyz/v1/chat/completions "HTTP/1.1 200 OK"
2026-09-14 01:18:34,960 INFO HTTP Request: POST https://vps.lpzproxy.xyz/v1/chat/completions "HTTP/1.1 200 OK"
2026-09-14 01:18:35,039 INFO HTTP Request: POST https://vps.lpzproxy.xyz/v1/chat/completions "HTTP/1.1 200 OK"
2026-09-14 01:18:35,376 INFO HTTP Request: POST https://vps.lpzproxy.xyz/v1/chat/completions "HTTP/1.1 200 OK"
2026-09-14 01:18:35,530 INFO HTTP Request: POST https://vps.lpzproxy.xyz/v1/chat/completions "HTTP/1.1 200 OK"
2026-09-14 01:18:35,635 INFO HTTP Request: POST https://vps.lpzproxy.xyz/v1/chat/completions "HTTP/1.1 200 OK"
2026-09-14 01:18:35,779 INFO HTTP Request: POST https://vps.lpzproxy.xyz/v1/chat/completions "HTTP/1.1 200 OK"
2026-09-14 01:18:36,032 INFO HTTP Request: POST https://vps.lpzproxy.xyz/v1/chat/completions "HTTP/1.1 200 OK"
2026-09-14 01:18:36,256 INFO HTTP Request: POST https://vps.lpzproxy.xyz/v1/chat/completions "HTTP/1.1 200 OK"
2026-09-14 01:18:36,527 INFO HTTP Request: POST https://vps.lpzproxy.xyz/v1/chat/completions "HTTP/1.1 200 OK"
2026-09-14 01:18:37,061 INFO HTTP Request: POST https://vps.lpzproxy.xyz/v1/chat/completions "HTTP/1.1 200 OK"
2026-09-14 01:18:37,218 INFO HTTP Request: POST https://vps.lpzproxy.xyz/v1/chat/completions "HTTP/1.1 200 OK"
2026-09-14 01:18:37,760 INFO HTTP Request: POST https://vps.lpzproxy.xyz/v1/chat/completions "HTTP/1.1 200 OK"
2026-09-14 01:18:37,894 INFO HTTP Request: POST https://vps.lpzproxy.xyz/v1/chat/completions "HTTP/1.1 200 OK"
2026-09-14 01:18:38,013 INFO HTTP Request: POST https://vps.lpzproxy.xyz/v1/chat/completions "HTTP/1.1 200 OK"
2026-09-14 01:18:38,054 INFO HTTP Request: POST https://vps.lpzproxy.xyz/v1/chat/completions "HTTP/1.1 200 OK"
2026-09-14 01:18:38,089 INFO HTTP Request: POST https://vps.lpzproxy.xyz/v1/chat/completions "HTTP/1.1 200 OK"
2026-09-14 01:18:38,143 INFO HTTP Request: POST https://vps.lpzproxy.xyz/v1/chat/completions "HTTP/1.1 200 OK"
2026-09-14 01:18:38,562 INFO HTTP Request: POST https://vps.lpzproxy.xyz/v1/chat/completions "HTTP/1.1 200 OK"
2026-09-14 01:18:39,022 INFO HTTP Request: POST https://vps.lpzproxy.xyz/v1/chat/completions "HTTP/1.1 200 OK"
2026-09-14 01:18:39,310 INFO HTTP Request: POST https://vps.lpzproxy.xyz/v1/chat/completions "HTTP/1.1 200 OK"
2026-09-14 01:18:39,373 INFO HTTP Request: POST https://vps.lpzproxy.xyz/v1/chat/completions "HTTP/1.1 200 OK"
2026-09-14 01:18:39,537 INFO HTTP Request: POST https://vps.lpzproxy.xyz/v1/chat/completions "HTTP/1.1 200 OK"
2026-09-14 01:18:39,623 INFO HTTP Request: POST https://vps.lpzproxy.xyz/v1/chat/completions "HTTP/1.1 200 OK"
2026-09-14 01:18:39,661 INFO HTTP Request: POST https://vps.lpzproxy.xyz/v1/chat/completions "HTTP/1.1 200 OK"
2026-09-14 01:18:39,811 INFO HTTP Request: POST https://vps.lpzproxy.xyz/v1/chat/completions "HTTP/1.1 200 OK"
2026-09-14 01:18:40,059 INFO HTTP Request: POST https://vps.lpzproxy.xyz/v1/chat/completions "HTTP/1.1 200 OK"
2026-09-14 01:18:40,161 INFO HTTP Request: POST https://vps.lpzproxy.xyz/v1/chat/completions "HTTP/1.1 200 OK"
2026-09-14 01:18:40,344 INFO HTTP Request: POST https://vps.lpzproxy.xyz/v1/chat/completions "HTTP/1.1 200 OK"
2026-09-14 01:18:40,402 INFO HTTP Request: POST https://vps.lpzproxy.xyz/v1/chat/completions "HTTP/1.1 200 OK"
2026-09-14 01:18:40,587 INFO HTTP Request: POST https://vps.lpzproxy.xyz/v1/chat/completions "HTTP/1.1 200 OK"
2026-09-14 01:18:40,687 INFO HTTP Request: POST https://vps.lpzproxy.xyz/v1/chat/completions "HTTP/1.1 200 OK"
2026-09-14 01:18:41,088 INFO HTTP Request: POST https://vps.lpzproxy.xyz/v1/chat/completions "HTTP/1.1 200 OK"
2026-09-14 01:18:41,278 INFO HTTP Request: POST https://vps.lpzproxy.xyz/v1/chat/completions "HTTP/1.1 200 OK"
2026-09-14 01:18:41,725 INFO HTTP Request: POST https://vps.lpzproxy.xyz/v1/chat/completions "HTTP/1.1 200 OK"
2026-09-14 01:18:41,787 INFO HTTP Request: POST https://vps.lpzproxy.xyz/v1/chat/completions "HTTP/1.1 200 OK"
2026-09-14 01:18:41,873 INFO HTTP Request: POST https://vps.lpzproxy.xyz/v1/chat/completions "HTTP/1.1 200 OK"
2026-09-14 01:18:41,886 INFO HTTP Request: POST https://vps.lpzproxy.xyz/v1/chat/completions "HTTP/1.1 200 OK"
2026-09-14 01:18:42,463 INFO HTTP Request: POST https://vps.lpzproxy.xyz/v1/chat/completions "HTTP/1.1 200 OK"
2026-09-14 01:18:42,497 INFO HTTP Request: POST https://vps.lpzproxy.xyz/v1/chat/completions "HTTP/1.1 200 OK"
2026-09-14 01:18:42,785 INFO HTTP Request: POST https://vps.lpzproxy.xyz/v1/chat/completions "HTTP/1.1 200 OK"
2026-09-14 01:18:43,002 INFO HTTP Request: POST https://vps.lpzproxy.xyz/v1/chat/completions "HTTP/1.1 200 OK"
2026-09-14 01:18:43,143 INFO HTTP Request: POST https://vps.lpzproxy.xyz/v1/chat/completions "HTTP/1.1 200 OK"
2026-09-14 01:18:43,276 INFO HTTP Request: POST https://vps.lpzproxy.xyz/v1/chat/completions "HTTP/1.1 200 OK"
2026-09-14 01:18:43,533 INFO HTTP Request: POST https://vps.lpzproxy.xyz/v1/chat/completions "HTTP/1.1 200 OK"
2026-09-14 01:18:43,959 INFO HTTP Request: POST https://vps.lpzproxy.xyz/v1/chat/completions "HTTP/1.1 200 OK"
2026-09-14 01:18:44,281 INFO HTTP Request: POST https://vps.lpzproxy.xyz/v1/chat/completions "HTTP/1.1 200 OK"
2026-09-14 01:18:44,908 INFO HTTP Request: POST https://vps.lpzproxy.xyz/v1/chat/completions "HTTP/1.1 200 OK"
2026-09-14 01:18:46,322 INFO HTTP Request: POST https://vps.lpzproxy.xyz/v1/chat/completions "HTTP/1.1 200 OK"
2026-09-14 01:18:47,999 INFO HTTP Request: POST https://vps.lpzproxy.xyz/v1/chat/completions "HTTP/1.1 200 OK"
2026-09-14 01:18:48,785 INFO HTTP Request: POST https://vps.lpzproxy.xyz/v1/chat/completions "HTTP/1.1 200 OK"
2026-09-14 01:18:49,172 INFO HTTP Request: POST https://vps.lpzproxy.xyz/v1/chat/completions "HTTP/1.1 200 OK"
2026-09-14 01:18:50,747 INFO HTTP Request: POST https://vps.lpzproxy.xyz/v1/chat/completions "HTTP/1.1 200 OK"
2026-09-14 01:18:54,165 INFO HTTP Request: POST https://vps.lpzproxy.xyz/v1/chat/completions "HTTP/1.1 200 OK"
2026-09-14 01:18:55,505 INFO HTTP Request: POST https://vps.lpzproxy.xyz/v1/chat/completions "HTTP/1.1 200 OK"
2026-09-14 01:19:01,195 INFO HTTP Request: POST https://vps.lpzproxy.xyz/v1/chat/completions "HTTP/1.1 200 OK"
2026-09-14 01:19:01,204 INFO judged E0_vs_baseline_temp0

arm                       sigma2_sample  sigma2_judge  targets
temperature_0.0                  0.7667        0.1839       20
temperature_0.3_round1           0.6778        0.1399       20

路线同一性（同 target、同 condition 的 3 次独立生成）
  temperature_0.0        baseline  三次全同=0.0  不同路线数/组=3.0  步数极差=2.05
  temperature_0.0        E0        三次全同=0.0  不同路线数/组=3.0  步数极差=1.75
  temperature_0.3_round1 baseline  三次全同=0.0  不同路线数/组=3.0  步数极差=1.8
  temperature_0.3_round1 E0        三次全同=0.0  不同路线数/组=3.0  步数极差=1.7

sigma2_sample 变化: 0.6778 → 0.7667  (1.13x)
wrote /Users/lpz/Desktop/AtomFlow/RETRO-E/results/v2/temperature_probe/temperature_metrics.json
